/home/khamrouni/lbr-stack/src/lbr_fri_ros2_stack/install/lbr_demos_py/lib/python3.10/site-packages/lbr_demos_py/wrench_sine_overlay.py
/home/khamrouni/lbr-stack/src/lbr_fri_ros2_stack/install/lbr_demos_py/lib/python3.10/site-packages/lbr_demos_py/torque_sine_overlay.py
/home/khamrouni/lbr-stack/src/lbr_fri_ros2_stack/install/lbr_demos_py/lib/python3.10/site-packages/lbr_demos_py/joint_sine_overlay.py
/home/khamrouni/lbr-stack/src/lbr_fri_ros2_stack/install/lbr_demos_py/lib/python3.10/site-packages/lbr_demos_py/joint_trajectory_client.py
/home/khamrouni/lbr-stack/src/lbr_fri_ros2_stack/install/lbr_demos_py/lib/python3.10/site-packages/lbr_demos_py/__init__.py
/home/khamrouni/lbr-stack/src/lbr_fri_ros2_stack/install/lbr_demos_py/lib/python3.10/site-packages/lbr_demos_py/__pycache__/wrench_sine_overlay.cpython-310.pyc
/home/khamrouni/lbr-stack/src/lbr_fri_ros2_stack/install/lbr_demos_py/lib/python3.10/site-packages/lbr_demos_py/__pycache__/torque_sine_overlay.cpython-310.pyc
/home/khamrouni/lbr-stack/src/lbr_fri_ros2_stack/install/lbr_demos_py/lib/python3.10/site-packages/lbr_demos_py/__pycache__/joint_sine_overlay.cpython-310.pyc
/home/khamrouni/lbr-stack/src/lbr_fri_ros2_stack/install/lbr_demos_py/lib/python3.10/site-packages/lbr_demos_py/__pycache__/joint_trajectory_client.cpython-310.pyc
/home/khamrouni/lbr-stack/src/lbr_fri_ros2_stack/install/lbr_demos_py/lib/python3.10/site-packages/lbr_demos_py/__pycache__/__init__.cpython-310.pyc
/home/khamrouni/lbr-stack/src/lbr_fri_ros2_stack/install/lbr_demos_py/share/ament_index/resource_index/packages/lbr_demos_py
/home/khamrouni/lbr-stack/src/lbr_fri_ros2_stack/install/lbr_demos_py/share/lbr_demos_py/package.xml
/home/khamrouni/lbr-stack/src/lbr_fri_ros2_stack/install/lbr_demos_py/lib/python3.10/site-packages/lbr_demos_py-2.2.1-py3.10.egg-info/PKG-INFO
/home/khamrouni/lbr-stack/src/lbr_fri_ros2_stack/install/lbr_demos_py/lib/python3.10/site-packages/lbr_demos_py-2.2.1-py3.10.egg-info/requires.txt
/home/khamrouni/lbr-stack/src/lbr_fri_ros2_stack/install/lbr_demos_py/lib/python3.10/site-packages/lbr_demos_py-2.2.1-py3.10.egg-info/dependency_links.txt
/home/khamrouni/lbr-stack/src/lbr_fri_ros2_stack/install/lbr_demos_py/lib/python3.10/site-packages/lbr_demos_py-2.2.1-py3.10.egg-info/zip-safe
/home/khamrouni/lbr-stack/src/lbr_fri_ros2_stack/install/lbr_demos_py/lib/python3.10/site-packages/lbr_demos_py-2.2.1-py3.10.egg-info/top_level.txt
/home/khamrouni/lbr-stack/src/lbr_fri_ros2_stack/install/lbr_demos_py/lib/python3.10/site-packages/lbr_demos_py-2.2.1-py3.10.egg-info/entry_points.txt
/home/khamrouni/lbr-stack/src/lbr_fri_ros2_stack/install/lbr_demos_py/lib/python3.10/site-packages/lbr_demos_py-2.2.1-py3.10.egg-info/SOURCES.txt
/home/khamrouni/lbr-stack/src/lbr_fri_ros2_stack/install/lbr_demos_py/lib/lbr_demos_py/joint_sine_overlay
/home/khamrouni/lbr-stack/src/lbr_fri_ros2_stack/install/lbr_demos_py/lib/lbr_demos_py/joint_trajectory_client
/home/khamrouni/lbr-stack/src/lbr_fri_ros2_stack/install/lbr_demos_py/lib/lbr_demos_py/torque_sine_overlay
/home/khamrouni/lbr-stack/src/lbr_fri_ros2_stack/install/lbr_demos_py/lib/lbr_demos_py/wrench_sine_overlay
