[1.458s] Invoking command in '/home/khamrouni/lbr-stack/src/lbr_fri_ros2_stack/lbr_demos/lbr_moveit': PYTHONPATH=/home/khamrouni/lbr-stack/src/lbr_fri_ros2_stack/build/lbr_moveit/prefix_override:/usr/lib/python3/dist-packages/colcon_core/task/python/colcon_distutils_commands:/home/khamrouni/lbr-stack/src/lbr_fri_ros2_stack/install/lbr_moveit/lib/python3.10/site-packages:${PYTHONPATH} /usr/bin/python3 -W ignore:setup.py install is deprecated -W ignore:easy_install command is deprecated setup.py egg_info --egg-base ../../build/lbr_moveit build --build-base /home/khamrouni/lbr-stack/src/lbr_fri_ros2_stack/build/lbr_moveit/build install --record /home/khamrouni/lbr-stack/src/lbr_fri_ros2_stack/build/lbr_moveit/install.log --single-version-externally-managed install_data
[1.985s] running egg_info
[1.987s] creating ../../build/lbr_moveit/lbr_moveit.egg-info
[1.987s] writing ../../build/lbr_moveit/lbr_moveit.egg-info/PKG-INFO
[1.988s] writing dependency_links to ../../build/lbr_moveit/lbr_moveit.egg-info/dependency_links.txt
[1.988s] writing entry points to ../../build/lbr_moveit/lbr_moveit.egg-info/entry_points.txt
[1.988s] writing requirements to ../../build/lbr_moveit/lbr_moveit.egg-info/requires.txt
[1.988s] writing top-level names to ../../build/lbr_moveit/lbr_moveit.egg-info/top_level.txt
[1.989s] writing manifest file '../../build/lbr_moveit/lbr_moveit.egg-info/SOURCES.txt'
[1.993s] reading manifest file '../../build/lbr_moveit/lbr_moveit.egg-info/SOURCES.txt'
[1.997s] writing manifest file '../../build/lbr_moveit/lbr_moveit.egg-info/SOURCES.txt'
[1.997s] running build
[1.997s] running build_py
[1.998s] creating /home/khamrouni/lbr-stack/src/lbr_fri_ros2_stack/build/lbr_moveit/build
[1.998s] creating /home/khamrouni/lbr-stack/src/lbr_fri_ros2_stack/build/lbr_moveit/build/lib
[1.998s] creating /home/khamrouni/lbr-stack/src/lbr_fri_ros2_stack/build/lbr_moveit/build/lib/scripts
[1.998s] copying scripts/__init__.py -> /home/khamrouni/lbr-stack/src/lbr_fri_ros2_stack/build/lbr_moveit/build/lib/scripts
[1.999s] copying scripts/forward_keyboard.py -> /home/khamrouni/lbr-stack/src/lbr_fri_ros2_stack/build/lbr_moveit/build/lib/scripts
[1.999s] creating /home/khamrouni/lbr-stack/src/lbr_fri_ros2_stack/build/lbr_moveit/build/lib/lbr_moveit
[1.999s] copying lbr_moveit/__init__.py -> /home/khamrouni/lbr-stack/src/lbr_fri_ros2_stack/build/lbr_moveit/build/lib/lbr_moveit
[1.999s] copying lbr_moveit/keyboard_listener.py -> /home/khamrouni/lbr-stack/src/lbr_fri_ros2_stack/build/lbr_moveit/build/lib/lbr_moveit
[1.999s] copying lbr_moveit/forward_keyboard_node.py -> /home/khamrouni/lbr-stack/src/lbr_fri_ros2_stack/build/lbr_moveit/build/lib/lbr_moveit
[2.000s] running install
[2.000s] running install_lib
[2.002s] copying /home/khamrouni/lbr-stack/src/lbr_fri_ros2_stack/build/lbr_moveit/build/lib/scripts/__init__.py -> /home/khamrouni/lbr-stack/src/lbr_fri_ros2_stack/install/lbr_moveit/lib/python3.10/site-packages/scripts
[2.002s] copying /home/khamrouni/lbr-stack/src/lbr_fri_ros2_stack/build/lbr_moveit/build/lib/scripts/forward_keyboard.py -> /home/khamrouni/lbr-stack/src/lbr_fri_ros2_stack/install/lbr_moveit/lib/python3.10/site-packages/scripts
[2.002s] copying /home/khamrouni/lbr-stack/src/lbr_fri_ros2_stack/build/lbr_moveit/build/lib/lbr_moveit/__init__.py -> /home/khamrouni/lbr-stack/src/lbr_fri_ros2_stack/install/lbr_moveit/lib/python3.10/site-packages/lbr_moveit
[2.003s] copying /home/khamrouni/lbr-stack/src/lbr_fri_ros2_stack/build/lbr_moveit/build/lib/lbr_moveit/keyboard_listener.py -> /home/khamrouni/lbr-stack/src/lbr_fri_ros2_stack/install/lbr_moveit/lib/python3.10/site-packages/lbr_moveit
[2.003s] copying /home/khamrouni/lbr-stack/src/lbr_fri_ros2_stack/build/lbr_moveit/build/lib/lbr_moveit/forward_keyboard_node.py -> /home/khamrouni/lbr-stack/src/lbr_fri_ros2_stack/install/lbr_moveit/lib/python3.10/site-packages/lbr_moveit
[2.004s] running install_data
[2.005s] creating /home/khamrouni/lbr-stack/src/lbr_fri_ros2_stack/install/lbr_moveit/share/ament_index
[2.005s] creating /home/khamrouni/lbr-stack/src/lbr_fri_ros2_stack/install/lbr_moveit/share/ament_index/resource_index
[2.005s] creating /home/khamrouni/lbr-stack/src/lbr_fri_ros2_stack/install/lbr_moveit/share/ament_index/resource_index/packages
[2.005s] copying resource/lbr_moveit -> /home/khamrouni/lbr-stack/src/lbr_fri_ros2_stack/install/lbr_moveit/share/ament_index/resource_index/packages
[2.005s] copying package.xml -> /home/khamrouni/lbr-stack/src/lbr_fri_ros2_stack/install/lbr_moveit/share/lbr_moveit
[2.006s] creating /home/khamrouni/lbr-stack/src/lbr_fri_ros2_stack/install/lbr_moveit/share/lbr_moveit/config
[2.006s] copying config/forward_keyboard.yaml -> /home/khamrouni/lbr-stack/src/lbr_fri_ros2_stack/install/lbr_moveit/share/lbr_moveit/config
[2.006s] creating /home/khamrouni/lbr-stack/src/lbr_fri_ros2_stack/install/lbr_moveit/share/lbr_moveit/launch
[2.007s] copying launch/keyboard_driver.launch.py -> /home/khamrouni/lbr-stack/src/lbr_fri_ros2_stack/install/lbr_moveit/share/lbr_moveit/launch
[2.007s] running install_egg_info
[2.011s] Copying ../../build/lbr_moveit/lbr_moveit.egg-info to /home/khamrouni/lbr-stack/src/lbr_fri_ros2_stack/install/lbr_moveit/lib/python3.10/site-packages/lbr_moveit-2.2.1-py3.10.egg-info
[2.014s] running install_scripts
[2.057s] Installing forward_keyboard script to /home/khamrouni/lbr-stack/src/lbr_fri_ros2_stack/install/lbr_moveit/lib/lbr_moveit
[2.058s] writing list of installed files to '/home/khamrouni/lbr-stack/src/lbr_fri_ros2_stack/build/lbr_moveit/install.log'
[2.105s] Invoked command in '/home/khamrouni/lbr-stack/src/lbr_fri_ros2_stack/lbr_demos/lbr_moveit' returned '0': PYTHONPATH=/home/khamrouni/lbr-stack/src/lbr_fri_ros2_stack/build/lbr_moveit/prefix_override:/usr/lib/python3/dist-packages/colcon_core/task/python/colcon_distutils_commands:/home/khamrouni/lbr-stack/src/lbr_fri_ros2_stack/install/lbr_moveit/lib/python3.10/site-packages:${PYTHONPATH} /usr/bin/python3 -W ignore:setup.py install is deprecated -W ignore:easy_install command is deprecated setup.py egg_info --egg-base ../../build/lbr_moveit build --build-base /home/khamrouni/lbr-stack/src/lbr_fri_ros2_stack/build/lbr_moveit/build install --record /home/khamrouni/lbr-stack/src/lbr_fri_ros2_stack/build/lbr_moveit/install.log --single-version-externally-managed install_data
