[0.063s] Invoking command in '/home/khamrouni/lbr-stack/src/lbr_fri_ros2_stack/build/lbr_description': CMAKE_PREFIX_PATH=${CMAKE_PREFIX_PATH}:/home/khamrouni/ws_moveit/install/moveit_configs_utils:/home/khamrouni/ws_moveit/install/launch_param_builder:/opt/ros/humble /usr/bin/cmake --build /home/khamrouni/lbr-stack/src/lbr_fri_ros2_stack/build/lbr_description -- -j8 -l8
[0.675s] Invoked command in '/home/khamrouni/lbr-stack/src/lbr_fri_ros2_stack/build/lbr_description' returned '0': CMAKE_PREFIX_PATH=${CMAKE_PREFIX_PATH}:/home/khamrouni/ws_moveit/install/moveit_configs_utils:/home/khamrouni/ws_moveit/install/launch_param_builder:/opt/ros/humble /usr/bin/cmake --build /home/khamrouni/lbr-stack/src/lbr_fri_ros2_stack/build/lbr_description -- -j8 -l8
[0.696s] Invoking command in '/home/khamrouni/lbr-stack/src/lbr_fri_ros2_stack/build/lbr_description': CMAKE_PREFIX_PATH=${CMAKE_PREFIX_PATH}:/home/khamrouni/ws_moveit/install/moveit_configs_utils:/home/khamrouni/ws_moveit/install/launch_param_builder:/opt/ros/humble /usr/bin/cmake --install /home/khamrouni/lbr-stack/src/lbr_fri_ros2_stack/build/lbr_description
[0.713s] -- Install configuration: ""
[0.713s] -- Up-to-date: /home/khamrouni/lbr-stack/src/lbr_fri_ros2_stack/install/lbr_description/share/lbr_description/gazebo
[0.714s] -- Up-to-date: /home/khamrouni/lbr-stack/src/lbr_fri_ros2_stack/install/lbr_description/share/lbr_description/gazebo/lbr_gazebo.xacro
[0.714s] -- Up-to-date: /home/khamrouni/lbr-stack/src/lbr_fri_ros2_stack/install/lbr_description/share/lbr_description/meshes
[0.714s] -- Up-to-date: /home/khamrouni/lbr-stack/src/lbr_fri_ros2_stack/install/lbr_description/share/lbr_description/meshes/iiwa7
[0.714s] -- Up-to-date: /home/khamrouni/lbr-stack/src/lbr_fri_ros2_stack/install/lbr_description/share/lbr_description/meshes/iiwa7/visual
[0.715s] -- Up-to-date: /home/khamrouni/lbr-stack/src/lbr_fri_ros2_stack/install/lbr_description/share/lbr_description/meshes/iiwa7/visual/link_6.dae
[0.715s] -- Up-to-date: /home/khamrouni/lbr-stack/src/lbr_fri_ros2_stack/install/lbr_description/share/lbr_description/meshes/iiwa7/visual/link_3.dae
[0.716s] -- Up-to-date: /home/khamrouni/lbr-stack/src/lbr_fri_ros2_stack/install/lbr_description/share/lbr_description/meshes/iiwa7/visual/link_5.dae
[0.716s] -- Up-to-date: /home/khamrouni/lbr-stack/src/lbr_fri_ros2_stack/install/lbr_description/share/lbr_description/meshes/iiwa7/visual/link_2.dae
[0.716s] -- Up-to-date: /home/khamrouni/lbr-stack/src/lbr_fri_ros2_stack/install/lbr_description/share/lbr_description/meshes/iiwa7/visual/link_1.dae
[0.716s] -- Up-to-date: /home/khamrouni/lbr-stack/src/lbr_fri_ros2_stack/install/lbr_description/share/lbr_description/meshes/iiwa7/visual/link_4.dae
[0.716s] -- Up-to-date: /home/khamrouni/lbr-stack/src/lbr_fri_ros2_stack/install/lbr_description/share/lbr_description/meshes/iiwa7/visual/link_0.dae
[0.717s] -- Up-to-date: /home/khamrouni/lbr-stack/src/lbr_fri_ros2_stack/install/lbr_description/share/lbr_description/meshes/iiwa7/visual/link_7.dae
[0.717s] -- Up-to-date: /home/khamrouni/lbr-stack/src/lbr_fri_ros2_stack/install/lbr_description/share/lbr_description/meshes/iiwa7/collision
[0.717s] -- Up-to-date: /home/khamrouni/lbr-stack/src/lbr_fri_ros2_stack/install/lbr_description/share/lbr_description/meshes/iiwa7/collision/link_2.stl
[0.717s] -- Up-to-date: /home/khamrouni/lbr-stack/src/lbr_fri_ros2_stack/install/lbr_description/share/lbr_description/meshes/iiwa7/collision/link_5.stl
[0.718s] -- Up-to-date: /home/khamrouni/lbr-stack/src/lbr_fri_ros2_stack/install/lbr_description/share/lbr_description/meshes/iiwa7/collision/link_4.stl
[0.718s] -- Up-to-date: /home/khamrouni/lbr-stack/src/lbr_fri_ros2_stack/install/lbr_description/share/lbr_description/meshes/iiwa7/collision/link_3.stl
[0.718s] -- Up-to-date: /home/khamrouni/lbr-stack/src/lbr_fri_ros2_stack/install/lbr_description/share/lbr_description/meshes/iiwa7/collision/link_0.stl
[0.718s] -- Up-to-date: /home/khamrouni/lbr-stack/src/lbr_fri_ros2_stack/install/lbr_description/share/lbr_description/meshes/iiwa7/collision/link_1.stl
[0.718s] -- Up-to-date: /home/khamrouni/lbr-stack/src/lbr_fri_ros2_stack/install/lbr_description/share/lbr_description/meshes/iiwa7/collision/link_7.stl
[0.719s] -- Up-to-date: /home/khamrouni/lbr-stack/src/lbr_fri_ros2_stack/install/lbr_description/share/lbr_description/meshes/iiwa7/collision/link_6.stl
[0.719s] -- Up-to-date: /home/khamrouni/lbr-stack/src/lbr_fri_ros2_stack/install/lbr_description/share/lbr_description/meshes/med14
[0.719s] -- Up-to-date: /home/khamrouni/lbr-stack/src/lbr_fri_ros2_stack/install/lbr_description/share/lbr_description/meshes/med14/visual
[0.719s] -- Up-to-date: /home/khamrouni/lbr-stack/src/lbr_fri_ros2_stack/install/lbr_description/share/lbr_description/meshes/med14/visual/link_6.dae
[0.719s] -- Up-to-date: /home/khamrouni/lbr-stack/src/lbr_fri_ros2_stack/install/lbr_description/share/lbr_description/meshes/med14/visual/link_3.dae
[0.720s] -- Up-to-date: /home/khamrouni/lbr-stack/src/lbr_fri_ros2_stack/install/lbr_description/share/lbr_description/meshes/med14/visual/link_5.dae
[0.720s] -- Up-to-date: /home/khamrouni/lbr-stack/src/lbr_fri_ros2_stack/install/lbr_description/share/lbr_description/meshes/med14/visual/link_2.dae
[0.721s] -- Up-to-date: /home/khamrouni/lbr-stack/src/lbr_fri_ros2_stack/install/lbr_description/share/lbr_description/meshes/med14/visual/link_1.dae
[0.721s] -- Up-to-date: /home/khamrouni/lbr-stack/src/lbr_fri_ros2_stack/install/lbr_description/share/lbr_description/meshes/med14/visual/link_4.dae
[0.721s] -- Up-to-date: /home/khamrouni/lbr-stack/src/lbr_fri_ros2_stack/install/lbr_description/share/lbr_description/meshes/med14/visual/link_0.dae
[0.721s] -- Up-to-date: /home/khamrouni/lbr-stack/src/lbr_fri_ros2_stack/install/lbr_description/share/lbr_description/meshes/med14/visual/link_7.dae
[0.721s] -- Up-to-date: /home/khamrouni/lbr-stack/src/lbr_fri_ros2_stack/install/lbr_description/share/lbr_description/meshes/med14/collision
[0.722s] -- Up-to-date: /home/khamrouni/lbr-stack/src/lbr_fri_ros2_stack/install/lbr_description/share/lbr_description/meshes/med14/collision/link_2.stl
[0.722s] -- Up-to-date: /home/khamrouni/lbr-stack/src/lbr_fri_ros2_stack/install/lbr_description/share/lbr_description/meshes/med14/collision/link_5.stl
[0.722s] -- Up-to-date: /home/khamrouni/lbr-stack/src/lbr_fri_ros2_stack/install/lbr_description/share/lbr_description/meshes/med14/collision/link_4.stl
[0.722s] -- Up-to-date: /home/khamrouni/lbr-stack/src/lbr_fri_ros2_stack/install/lbr_description/share/lbr_description/meshes/med14/collision/link_3.stl
[0.722s] -- Up-to-date: /home/khamrouni/lbr-stack/src/lbr_fri_ros2_stack/install/lbr_description/share/lbr_description/meshes/med14/collision/link_0.stl
[0.723s] -- Up-to-date: /home/khamrouni/lbr-stack/src/lbr_fri_ros2_stack/install/lbr_description/share/lbr_description/meshes/med14/collision/link_1.stl
[0.723s] -- Up-to-date: /home/khamrouni/lbr-stack/src/lbr_fri_ros2_stack/install/lbr_description/share/lbr_description/meshes/med14/collision/link_7.stl
[0.724s] -- Up-to-date: /home/khamrouni/lbr-stack/src/lbr_fri_ros2_stack/install/lbr_description/share/lbr_description/meshes/med14/collision/link_6.stl
[0.724s] -- Up-to-date: /home/khamrouni/lbr-stack/src/lbr_fri_ros2_stack/install/lbr_description/share/lbr_description/meshes/med7
[0.724s] -- Up-to-date: /home/khamrouni/lbr-stack/src/lbr_fri_ros2_stack/install/lbr_description/share/lbr_description/meshes/med7/visual
[0.724s] -- Up-to-date: /home/khamrouni/lbr-stack/src/lbr_fri_ros2_stack/install/lbr_description/share/lbr_description/meshes/med7/visual/link_6.dae
[0.724s] -- Up-to-date: /home/khamrouni/lbr-stack/src/lbr_fri_ros2_stack/install/lbr_description/share/lbr_description/meshes/med7/visual/link_3.dae
[0.724s] -- Up-to-date: /home/khamrouni/lbr-stack/src/lbr_fri_ros2_stack/install/lbr_description/share/lbr_description/meshes/med7/visual/link_5.dae
[0.725s] -- Up-to-date: /home/khamrouni/lbr-stack/src/lbr_fri_ros2_stack/install/lbr_description/share/lbr_description/meshes/med7/visual/link_2.dae
[0.725s] -- Up-to-date: /home/khamrouni/lbr-stack/src/lbr_fri_ros2_stack/install/lbr_description/share/lbr_description/meshes/med7/visual/link_1.dae
[0.725s] -- Up-to-date: /home/khamrouni/lbr-stack/src/lbr_fri_ros2_stack/install/lbr_description/share/lbr_description/meshes/med7/visual/link_4.dae
[0.725s] -- Up-to-date: /home/khamrouni/lbr-stack/src/lbr_fri_ros2_stack/install/lbr_description/share/lbr_description/meshes/med7/visual/link_0.dae
[0.725s] -- Up-to-date: /home/khamrouni/lbr-stack/src/lbr_fri_ros2_stack/install/lbr_description/share/lbr_description/meshes/med7/visual/link_7.dae
[0.725s] -- Up-to-date: /home/khamrouni/lbr-stack/src/lbr_fri_ros2_stack/install/lbr_description/share/lbr_description/meshes/med7/collision
[0.726s] -- Up-to-date: /home/khamrouni/lbr-stack/src/lbr_fri_ros2_stack/install/lbr_description/share/lbr_description/meshes/med7/collision/link_2.stl
[0.726s] -- Up-to-date: /home/khamrouni/lbr-stack/src/lbr_fri_ros2_stack/install/lbr_description/share/lbr_description/meshes/med7/collision/link_5.stl
[0.726s] -- Up-to-date: /home/khamrouni/lbr-stack/src/lbr_fri_ros2_stack/install/lbr_description/share/lbr_description/meshes/med7/collision/link_4.stl
[0.726s] -- Up-to-date: /home/khamrouni/lbr-stack/src/lbr_fri_ros2_stack/install/lbr_description/share/lbr_description/meshes/med7/collision/link_3.stl
[0.726s] -- Up-to-date: /home/khamrouni/lbr-stack/src/lbr_fri_ros2_stack/install/lbr_description/share/lbr_description/meshes/med7/collision/link_0.stl
[0.726s] -- Up-to-date: /home/khamrouni/lbr-stack/src/lbr_fri_ros2_stack/install/lbr_description/share/lbr_description/meshes/med7/collision/link_1.stl
[0.726s] -- Up-to-date: /home/khamrouni/lbr-stack/src/lbr_fri_ros2_stack/install/lbr_description/share/lbr_description/meshes/med7/collision/link_7.stl
[0.727s] -- Up-to-date: /home/khamrouni/lbr-stack/src/lbr_fri_ros2_stack/install/lbr_description/share/lbr_description/meshes/med7/collision/link_6.stl
[0.727s] -- Up-to-date: /home/khamrouni/lbr-stack/src/lbr_fri_ros2_stack/install/lbr_description/share/lbr_description/meshes/iiwa14
[0.727s] -- Up-to-date: /home/khamrouni/lbr-stack/src/lbr_fri_ros2_stack/install/lbr_description/share/lbr_description/meshes/iiwa14/visual
[0.727s] -- Up-to-date: /home/khamrouni/lbr-stack/src/lbr_fri_ros2_stack/install/lbr_description/share/lbr_description/meshes/iiwa14/visual/link_6.dae
[0.727s] -- Up-to-date: /home/khamrouni/lbr-stack/src/lbr_fri_ros2_stack/install/lbr_description/share/lbr_description/meshes/iiwa14/visual/link_3.dae
[0.727s] -- Up-to-date: /home/khamrouni/lbr-stack/src/lbr_fri_ros2_stack/install/lbr_description/share/lbr_description/meshes/iiwa14/visual/link_5.dae
[0.727s] -- Up-to-date: /home/khamrouni/lbr-stack/src/lbr_fri_ros2_stack/install/lbr_description/share/lbr_description/meshes/iiwa14/visual/link_2.dae
[0.728s] -- Up-to-date: /home/khamrouni/lbr-stack/src/lbr_fri_ros2_stack/install/lbr_description/share/lbr_description/meshes/iiwa14/visual/link_1.dae
[0.728s] -- Up-to-date: /home/khamrouni/lbr-stack/src/lbr_fri_ros2_stack/install/lbr_description/share/lbr_description/meshes/iiwa14/visual/link_4.dae
[0.728s] -- Up-to-date: /home/khamrouni/lbr-stack/src/lbr_fri_ros2_stack/install/lbr_description/share/lbr_description/meshes/iiwa14/visual/link_0.dae
[0.728s] -- Up-to-date: /home/khamrouni/lbr-stack/src/lbr_fri_ros2_stack/install/lbr_description/share/lbr_description/meshes/iiwa14/visual/link_7.dae
[0.729s] -- Up-to-date: /home/khamrouni/lbr-stack/src/lbr_fri_ros2_stack/install/lbr_description/share/lbr_description/meshes/iiwa14/collision
[0.729s] -- Up-to-date: /home/khamrouni/lbr-stack/src/lbr_fri_ros2_stack/install/lbr_description/share/lbr_description/meshes/iiwa14/collision/link_2.stl
[0.729s] -- Up-to-date: /home/khamrouni/lbr-stack/src/lbr_fri_ros2_stack/install/lbr_description/share/lbr_description/meshes/iiwa14/collision/link_5.stl
[0.729s] -- Up-to-date: /home/khamrouni/lbr-stack/src/lbr_fri_ros2_stack/install/lbr_description/share/lbr_description/meshes/iiwa14/collision/link_4.stl
[0.729s] -- Up-to-date: /home/khamrouni/lbr-stack/src/lbr_fri_ros2_stack/install/lbr_description/share/lbr_description/meshes/iiwa14/collision/link_3.stl
[0.729s] -- Up-to-date: /home/khamrouni/lbr-stack/src/lbr_fri_ros2_stack/install/lbr_description/share/lbr_description/meshes/iiwa14/collision/link_0.stl
[0.729s] -- Up-to-date: /home/khamrouni/lbr-stack/src/lbr_fri_ros2_stack/install/lbr_description/share/lbr_description/meshes/iiwa14/collision/link_1.stl
[0.730s] -- Up-to-date: /home/khamrouni/lbr-stack/src/lbr_fri_ros2_stack/install/lbr_description/share/lbr_description/meshes/iiwa14/collision/link_7.stl
[0.730s] -- Up-to-date: /home/khamrouni/lbr-stack/src/lbr_fri_ros2_stack/install/lbr_description/share/lbr_description/meshes/iiwa14/collision/link_6.stl
[0.730s] -- Up-to-date: /home/khamrouni/lbr-stack/src/lbr_fri_ros2_stack/install/lbr_description/share/lbr_description/ros2_control
[0.730s] -- Up-to-date: /home/khamrouni/lbr-stack/src/lbr_fri_ros2_stack/install/lbr_description/share/lbr_description/ros2_control/lbr_system_config.yaml
[0.730s] -- Up-to-date: /home/khamrouni/lbr-stack/src/lbr_fri_ros2_stack/install/lbr_description/share/lbr_description/ros2_control/lbr_controllers.yaml
[0.730s] -- Up-to-date: /home/khamrouni/lbr-stack/src/lbr_fri_ros2_stack/install/lbr_description/share/lbr_description/ros2_control/lbr_system_interface.xacro
[0.730s] -- Up-to-date: /home/khamrouni/lbr-stack/src/lbr_fri_ros2_stack/install/lbr_description/share/lbr_description/urdf
[0.730s] -- Up-to-date: /home/khamrouni/lbr-stack/src/lbr_fri_ros2_stack/install/lbr_description/share/lbr_description/urdf/iiwa7
[0.731s] -- Up-to-date: /home/khamrouni/lbr-stack/src/lbr_fri_ros2_stack/install/lbr_description/share/lbr_description/urdf/iiwa7/iiwa7.xacro
[0.731s] -- Up-to-date: /home/khamrouni/lbr-stack/src/lbr_fri_ros2_stack/install/lbr_description/share/lbr_description/urdf/iiwa7/iiwa7_description.xacro
[0.731s] -- Up-to-date: /home/khamrouni/lbr-stack/src/lbr_fri_ros2_stack/install/lbr_description/share/lbr_description/urdf/iiwa7/joint_limits.yaml
[0.731s] -- Up-to-date: /home/khamrouni/lbr-stack/src/lbr_fri_ros2_stack/install/lbr_description/share/lbr_description/urdf/med14
[0.731s] -- Up-to-date: /home/khamrouni/lbr-stack/src/lbr_fri_ros2_stack/install/lbr_description/share/lbr_description/urdf/med14/med14_description.xacro
[0.731s] -- Up-to-date: /home/khamrouni/lbr-stack/src/lbr_fri_ros2_stack/install/lbr_description/share/lbr_description/urdf/med14/med14.xacro
[0.731s] -- Up-to-date: /home/khamrouni/lbr-stack/src/lbr_fri_ros2_stack/install/lbr_description/share/lbr_description/urdf/med14/joint_limits.yaml
[0.732s] -- Up-to-date: /home/khamrouni/lbr-stack/src/lbr_fri_ros2_stack/install/lbr_description/share/lbr_description/urdf/med7
[0.732s] -- Up-to-date: /home/khamrouni/lbr-stack/src/lbr_fri_ros2_stack/install/lbr_description/share/lbr_description/urdf/med7/med7.xacro
[0.733s] -- Up-to-date: /home/khamrouni/lbr-stack/src/lbr_fri_ros2_stack/install/lbr_description/share/lbr_description/urdf/med7/med7_description.xacro
[0.733s] -- Up-to-date: /home/khamrouni/lbr-stack/src/lbr_fri_ros2_stack/install/lbr_description/share/lbr_description/urdf/med7/joint_limits.yaml
[0.733s] -- Up-to-date: /home/khamrouni/lbr-stack/src/lbr_fri_ros2_stack/install/lbr_description/share/lbr_description/urdf/iiwa14
[0.734s] -- Up-to-date: /home/khamrouni/lbr-stack/src/lbr_fri_ros2_stack/install/lbr_description/share/lbr_description/urdf/iiwa14/iiwa14.xacro
[0.734s] -- Up-to-date: /home/khamrouni/lbr-stack/src/lbr_fri_ros2_stack/install/lbr_description/share/lbr_description/urdf/iiwa14/iiwa14_description.xacro
[0.734s] -- Up-to-date: /home/khamrouni/lbr-stack/src/lbr_fri_ros2_stack/install/lbr_description/share/lbr_description/urdf/iiwa14/joint_limits.yaml
[0.734s] -- Up-to-date: /home/khamrouni/lbr-stack/src/lbr_fri_ros2_stack/install/lbr_description/share/lbr_description/environment/lbr_description.dsv
[0.734s] -- Up-to-date: /home/khamrouni/lbr-stack/src/lbr_fri_ros2_stack/install/lbr_description/share/ament_index/resource_index/package_run_dependencies/lbr_description
[0.735s] -- Up-to-date: /home/khamrouni/lbr-stack/src/lbr_fri_ros2_stack/install/lbr_description/share/ament_index/resource_index/parent_prefix_path/lbr_description
[0.735s] -- Up-to-date: /home/khamrouni/lbr-stack/src/lbr_fri_ros2_stack/install/lbr_description/share/lbr_description/environment/ament_prefix_path.sh
[0.735s] -- Up-to-date: /home/khamrouni/lbr-stack/src/lbr_fri_ros2_stack/install/lbr_description/share/lbr_description/environment/ament_prefix_path.dsv
[0.735s] -- Up-to-date: /home/khamrouni/lbr-stack/src/lbr_fri_ros2_stack/install/lbr_description/share/lbr_description/environment/path.sh
[0.736s] -- Up-to-date: /home/khamrouni/lbr-stack/src/lbr_fri_ros2_stack/install/lbr_description/share/lbr_description/environment/path.dsv
[0.736s] -- Up-to-date: /home/khamrouni/lbr-stack/src/lbr_fri_ros2_stack/install/lbr_description/share/lbr_description/local_setup.bash
[0.736s] -- Up-to-date: /home/khamrouni/lbr-stack/src/lbr_fri_ros2_stack/install/lbr_description/share/lbr_description/local_setup.sh
[0.736s] -- Up-to-date: /home/khamrouni/lbr-stack/src/lbr_fri_ros2_stack/install/lbr_description/share/lbr_description/local_setup.zsh
[0.736s] -- Up-to-date: /home/khamrouni/lbr-stack/src/lbr_fri_ros2_stack/install/lbr_description/share/lbr_description/local_setup.dsv
[0.737s] -- Up-to-date: /home/khamrouni/lbr-stack/src/lbr_fri_ros2_stack/install/lbr_description/share/lbr_description/package.dsv
[0.737s] -- Up-to-date: /home/khamrouni/lbr-stack/src/lbr_fri_ros2_stack/install/lbr_description/share/ament_index/resource_index/packages/lbr_description
[0.737s] -- Up-to-date: /home/khamrouni/lbr-stack/src/lbr_fri_ros2_stack/install/lbr_description/share/lbr_description/cmake/lbr_descriptionConfig.cmake
[0.737s] -- Up-to-date: /home/khamrouni/lbr-stack/src/lbr_fri_ros2_stack/install/lbr_description/share/lbr_description/cmake/lbr_descriptionConfig-version.cmake
[0.738s] -- Up-to-date: /home/khamrouni/lbr-stack/src/lbr_fri_ros2_stack/install/lbr_description/share/lbr_description/package.xml
[0.738s] Invoked command in '/home/khamrouni/lbr-stack/src/lbr_fri_ros2_stack/build/lbr_description' returned '0': CMAKE_PREFIX_PATH=${CMAKE_PREFIX_PATH}:/home/khamrouni/ws_moveit/install/moveit_configs_utils:/home/khamrouni/ws_moveit/install/launch_param_builder:/opt/ros/humble /usr/bin/cmake --install /home/khamrouni/lbr-stack/src/lbr_fri_ros2_stack/build/lbr_description
