running egg_info
writing ../../build/lbr_demos_py/lbr_demos_py.egg-info/PKG-INFO
writing dependency_links to ../../build/lbr_demos_py/lbr_demos_py.egg-info/dependency_links.txt
writing entry points to ../../build/lbr_demos_py/lbr_demos_py.egg-info/entry_points.txt
writing requirements to ../../build/lbr_demos_py/lbr_demos_py.egg-info/requires.txt
writing top-level names to ../../build/lbr_demos_py/lbr_demos_py.egg-info/top_level.txt
reading manifest file '../../build/lbr_demos_py/lbr_demos_py.egg-info/SOURCES.txt'
writing manifest file '../../build/lbr_demos_py/lbr_demos_py.egg-info/SOURCES.txt'
running build
running build_py
running install
running install_lib
running install_data
running install_egg_info
removing '/home/khamrouni/lbr-stack/src/lbr_fri_ros2_stack/install/lbr_demos_py/lib/python3.10/site-packages/lbr_demos_py-2.2.1-py3.10.egg-info' (and everything under it)
Copying ../../build/lbr_demos_py/lbr_demos_py.egg-info to /home/khamrouni/lbr-stack/src/lbr_fri_ros2_stack/install/lbr_demos_py/lib/python3.10/site-packages/lbr_demos_py-2.2.1-py3.10.egg-info
running install_scripts
Installing joint_sine_overlay script to /home/khamrouni/lbr-stack/src/lbr_fri_ros2_stack/install/lbr_demos_py/lib/lbr_demos_py
Installing joint_trajectory_client script to /home/khamrouni/lbr-stack/src/lbr_fri_ros2_stack/install/lbr_demos_py/lib/lbr_demos_py
Installing torque_sine_overlay script to /home/khamrouni/lbr-stack/src/lbr_fri_ros2_stack/install/lbr_demos_py/lib/lbr_demos_py
Installing wrench_sine_overlay script to /home/khamrouni/lbr-stack/src/lbr_fri_ros2_stack/install/lbr_demos_py/lib/lbr_demos_py
writing list of installed files to '/home/khamrouni/lbr-stack/src/lbr_fri_ros2_stack/build/lbr_demos_py/install.log'
