[1.403s] Invoking command in '/home/khamrouni/lbr-stack/src/lbr_fri_ros2_stack/lbr_demos/lbr_demos_py': AMENT_PREFIX_PATH=/home/khamrouni/lbr-stack/src/lbr_fri_ros2_stack/install/lbr_bringup:/home/khamrouni/lbr-stack/src/lbr_fri_ros2_stack/install/lbr_ros2_control:/home/khamrouni/lbr-stack/src/lbr_fri_ros2_stack/install/lbr_fri_ros2:/home/khamrouni/lbr-stack/src/lbr_fri_ros2_stack/install/lbr_description:${AMENT_PREFIX_PATH} CMAKE_PREFIX_PATH=/home/khamrouni/lbr-stack/src/lbr_fri_ros2_stack/install/lbr_bringup:/home/khamrouni/lbr-stack/src/lbr_fri_ros2_stack/install/lbr_ros2_control:/home/khamrouni/lbr-stack/src/lbr_fri_ros2_stack/install/lbr_fri_ros2:/home/khamrouni/lbr-stack/src/lbr_fri_ros2_stack/install/lbr_description:${CMAKE_PREFIX_PATH} LD_LIBRARY_PATH=/home/khamrouni/lbr-stack/src/lbr_fri_ros2_stack/install/lbr_ros2_control/lib:/home/khamrouni/lbr-stack/src/lbr_fri_ros2_stack/install/lbr_fri_ros2/lib:${LD_LIBRARY_PATH} PYTHONPATH=/home/khamrouni/lbr-stack/src/lbr_fri_ros2_stack/build/lbr_demos_py/prefix_override:/usr/lib/python3/dist-packages/colcon_core/task/python/colcon_distutils_commands:/home/khamrouni/lbr-stack/src/lbr_fri_ros2_stack/install/lbr_demos_py/lib/python3.10/site-packages:/home/khamrouni/lbr-stack/src/lbr_fri_ros2_stack/install/lbr_bringup/local/lib/python3.10/dist-packages:${PYTHONPATH} /usr/bin/python3 -W ignore:setup.py install is deprecated -W ignore:easy_install command is deprecated setup.py egg_info --egg-base ../../build/lbr_demos_py build --build-base /home/khamrouni/lbr-stack/src/lbr_fri_ros2_stack/build/lbr_demos_py/build install --record /home/khamrouni/lbr-stack/src/lbr_fri_ros2_stack/build/lbr_demos_py/install.log --single-version-externally-managed install_data
[1.953s] running egg_info
[1.954s] writing ../../build/lbr_demos_py/lbr_demos_py.egg-info/PKG-INFO
[1.955s] writing dependency_links to ../../build/lbr_demos_py/lbr_demos_py.egg-info/dependency_links.txt
[1.955s] writing entry points to ../../build/lbr_demos_py/lbr_demos_py.egg-info/entry_points.txt
[1.956s] writing requirements to ../../build/lbr_demos_py/lbr_demos_py.egg-info/requires.txt
[1.956s] writing top-level names to ../../build/lbr_demos_py/lbr_demos_py.egg-info/top_level.txt
[1.959s] reading manifest file '../../build/lbr_demos_py/lbr_demos_py.egg-info/SOURCES.txt'
[1.961s] writing manifest file '../../build/lbr_demos_py/lbr_demos_py.egg-info/SOURCES.txt'
[1.961s] running build
[1.961s] running build_py
[1.963s] running install
[1.963s] running install_lib
[1.966s] running install_data
[1.966s] running install_egg_info
[1.969s] removing '/home/khamrouni/lbr-stack/src/lbr_fri_ros2_stack/install/lbr_demos_py/lib/python3.10/site-packages/lbr_demos_py-2.2.1-py3.10.egg-info' (and everything under it)
[1.970s] Copying ../../build/lbr_demos_py/lbr_demos_py.egg-info to /home/khamrouni/lbr-stack/src/lbr_fri_ros2_stack/install/lbr_demos_py/lib/python3.10/site-packages/lbr_demos_py-2.2.1-py3.10.egg-info
[1.971s] running install_scripts
[2.015s] Installing joint_sine_overlay script to /home/khamrouni/lbr-stack/src/lbr_fri_ros2_stack/install/lbr_demos_py/lib/lbr_demos_py
[2.015s] Installing joint_trajectory_client script to /home/khamrouni/lbr-stack/src/lbr_fri_ros2_stack/install/lbr_demos_py/lib/lbr_demos_py
[2.015s] Installing torque_sine_overlay script to /home/khamrouni/lbr-stack/src/lbr_fri_ros2_stack/install/lbr_demos_py/lib/lbr_demos_py
[2.016s] Installing wrench_sine_overlay script to /home/khamrouni/lbr-stack/src/lbr_fri_ros2_stack/install/lbr_demos_py/lib/lbr_demos_py
[2.016s] writing list of installed files to '/home/khamrouni/lbr-stack/src/lbr_fri_ros2_stack/build/lbr_demos_py/install.log'
[2.062s] Invoked command in '/home/khamrouni/lbr-stack/src/lbr_fri_ros2_stack/lbr_demos/lbr_demos_py' returned '0': AMENT_PREFIX_PATH=/home/khamrouni/lbr-stack/src/lbr_fri_ros2_stack/install/lbr_bringup:/home/khamrouni/lbr-stack/src/lbr_fri_ros2_stack/install/lbr_ros2_control:/home/khamrouni/lbr-stack/src/lbr_fri_ros2_stack/install/lbr_fri_ros2:/home/khamrouni/lbr-stack/src/lbr_fri_ros2_stack/install/lbr_description:${AMENT_PREFIX_PATH} CMAKE_PREFIX_PATH=/home/khamrouni/lbr-stack/src/lbr_fri_ros2_stack/install/lbr_bringup:/home/khamrouni/lbr-stack/src/lbr_fri_ros2_stack/install/lbr_ros2_control:/home/khamrouni/lbr-stack/src/lbr_fri_ros2_stack/install/lbr_fri_ros2:/home/khamrouni/lbr-stack/src/lbr_fri_ros2_stack/install/lbr_description:${CMAKE_PREFIX_PATH} LD_LIBRARY_PATH=/home/khamrouni/lbr-stack/src/lbr_fri_ros2_stack/install/lbr_ros2_control/lib:/home/khamrouni/lbr-stack/src/lbr_fri_ros2_stack/install/lbr_fri_ros2/lib:${LD_LIBRARY_PATH} PYTHONPATH=/home/khamrouni/lbr-stack/src/lbr_fri_ros2_stack/build/lbr_demos_py/prefix_override:/usr/lib/python3/dist-packages/colcon_core/task/python/colcon_distutils_commands:/home/khamrouni/lbr-stack/src/lbr_fri_ros2_stack/install/lbr_demos_py/lib/python3.10/site-packages:/home/khamrouni/lbr-stack/src/lbr_fri_ros2_stack/install/lbr_bringup/local/lib/python3.10/dist-packages:${PYTHONPATH} /usr/bin/python3 -W ignore:setup.py install is deprecated -W ignore:easy_install command is deprecated setup.py egg_info --egg-base ../../build/lbr_demos_py build --build-base /home/khamrouni/lbr-stack/src/lbr_fri_ros2_stack/build/lbr_demos_py/build install --record /home/khamrouni/lbr-stack/src/lbr_fri_ros2_stack/build/lbr_demos_py/install.log --single-version-externally-managed install_data
