[0.694s] Invoking command in '/home/khamrouni/lbr-stack/src/lbr_fri_ros2_stack/build/lbr_moveit_cpp': CMAKE_PREFIX_PATH=${CMAKE_PREFIX_PATH}:/home/khamrouni/auctus/work/kuka_robot/install/lbr_demos_py:/home/khamrouni/auctus/work/kuka_robot/install/lbr_moveit:/home/khamrouni/auctus/work/kuka_robot/install/lbr_demos_advanced_py:/home/khamrouni/ws_moveit/install/moveit_configs_utils:/home/khamrouni/ws_moveit/install/launch_param_builder:/opt/ros/humble /usr/bin/cmake /home/khamrouni/lbr-stack/src/lbr_fri_ros2_stack/lbr_demos/lbr_moveit_cpp -DCMAKE_INSTALL_PREFIX=/home/khamrouni/lbr-stack/src/lbr_fri_ros2_stack/install/lbr_moveit_cpp
[0.815s] -- The C compiler identification is GNU 11.4.0
[0.930s] -- The CXX compiler identification is GNU 11.4.0
[0.945s] -- Detecting C compiler ABI info
[1.093s] -- Detecting C compiler ABI info - done
[1.113s] -- Check for working C compiler: /usr/bin/cc - skipped
[1.113s] -- Detecting C compile features
[1.114s] -- Detecting C compile features - done
[1.121s] -- Detecting CXX compiler ABI info
[1.309s] -- Detecting CXX compiler ABI info - done
[1.325s] -- Check for working CXX compiler: /usr/bin/c++ - skipped
[1.326s] -- Detecting CXX compile features
[1.326s] -- Detecting CXX compile features - done
[1.342s] -- Found ament_cmake: 1.3.11 (/opt/ros/humble/share/ament_cmake/cmake)
[1.729s] -- Found Python3: /usr/bin/python3 (found version "3.10.12") found components: Interpreter 
[2.093s] -- Found geometry_msgs: 4.2.4 (/opt/ros/humble/share/geometry_msgs/cmake)
[2.340s] -- Found rosidl_generator_c: 3.1.6 (/opt/ros/humble/share/rosidl_generator_c/cmake)
[2.376s] -- Found rosidl_adapter: 3.1.6 (/opt/ros/humble/share/rosidl_adapter/cmake)
[2.418s] -- Found rosidl_generator_cpp: 3.1.6 (/opt/ros/humble/share/rosidl_generator_cpp/cmake)
[2.477s] -- Using all available rosidl_typesupport_c: rosidl_typesupport_fastrtps_c;rosidl_typesupport_introspection_c
[2.555s] -- Using all available rosidl_typesupport_cpp: rosidl_typesupport_fastrtps_cpp;rosidl_typesupport_introspection_cpp
[2.722s] -- Found moveit_ros_planning_interface: 2.5.8 (/home/khamrouni/ws_moveit/install/moveit_ros_planning_interface/share/moveit_ros_planning_interface/cmake)
[3.342s] -- Found Boost: /usr/lib/x86_64-linux-gnu/cmake/Boost-1.74.0/BoostConfig.cmake (found version "1.74.0") found components: date_time filesystem program_options system thread 
[4.159s] -- Found Boost: /usr/lib/x86_64-linux-gnu/cmake/Boost-1.74.0/BoostConfig.cmake (found version "1.74.0") found components: chrono date_time filesystem iostreams program_options regex serialization system thread 
[4.581s] -- Found parameter_traits: 0.4.0 (/opt/ros/humble/share/parameter_traits/cmake)
[4.916s] -- Found rmw_implementation_cmake: 6.1.2 (/opt/ros/humble/share/rmw_implementation_cmake/cmake)
[4.954s] -- Found rmw_fastrtps_cpp: 6.2.7 (/opt/ros/humble/share/rmw_fastrtps_cpp/cmake)
[5.325s] -- Found OpenSSL: /usr/lib/x86_64-linux-gnu/libcrypto.so (found version "3.0.2")  
[5.391s] -- Found FastRTPS: /opt/ros/humble/include  
[5.504s] -- Using RMW implementation 'rmw_fastrtps_cpp' as default
[5.561s] -- Found Threads: TRUE  
[5.749s] -- Found Eigen3: TRUE (found version "3.4.0") 
[5.769s] -- Found rclcpp_lifecycle: 16.0.11 (/opt/ros/humble/share/rclcpp_lifecycle/cmake)
[5.858s] -- Found Boost: /usr/lib/x86_64-linux-gnu/cmake/Boost-1.74.0/BoostConfig.cmake (found version "1.74.0") found components: filesystem 
[6.156s] -- library: /usr/lib/x86_64-linux-gnu/libcurl.so
[6.274s] -- Ensuring Eigen3 include directory is part of orocos-kdl CMake target
[6.858s] -- Found Boost: /usr/lib/x86_64-linux-gnu/cmake/Boost-1.74.0/BoostConfig.cmake (found version "1.74.0") found components: system filesystem date_time program_options thread chrono 
[6.939s] -- Found Boost: /usr/lib/x86_64-linux-gnu/cmake/Boost-1.74.0/BoostConfig.cmake (found version "1.74.0") found components: thread system filesystem regex date_time program_options 
[7.020s] -- Found Boost: /usr/lib/x86_64-linux-gnu/cmake/Boost-1.74.0/BoostConfig.cmake (found version "1.74.0") found components: system filesystem date_time program_options thread 
[7.273s] -- Configuring done
[7.361s] -- Generating done
[7.377s] -- Build files have been written to: /home/khamrouni/lbr-stack/src/lbr_fri_ros2_stack/build/lbr_moveit_cpp
[7.399s] Invoked command in '/home/khamrouni/lbr-stack/src/lbr_fri_ros2_stack/build/lbr_moveit_cpp' returned '0': CMAKE_PREFIX_PATH=${CMAKE_PREFIX_PATH}:/home/khamrouni/auctus/work/kuka_robot/install/lbr_demos_py:/home/khamrouni/auctus/work/kuka_robot/install/lbr_moveit:/home/khamrouni/auctus/work/kuka_robot/install/lbr_demos_advanced_py:/home/khamrouni/ws_moveit/install/moveit_configs_utils:/home/khamrouni/ws_moveit/install/launch_param_builder:/opt/ros/humble /usr/bin/cmake /home/khamrouni/lbr-stack/src/lbr_fri_ros2_stack/lbr_demos/lbr_moveit_cpp -DCMAKE_INSTALL_PREFIX=/home/khamrouni/lbr-stack/src/lbr_fri_ros2_stack/install/lbr_moveit_cpp
[7.403s] Invoking command in '/home/khamrouni/lbr-stack/src/lbr_fri_ros2_stack/build/lbr_moveit_cpp': CMAKE_PREFIX_PATH=${CMAKE_PREFIX_PATH}:/home/khamrouni/auctus/work/kuka_robot/install/lbr_demos_py:/home/khamrouni/auctus/work/kuka_robot/install/lbr_moveit:/home/khamrouni/auctus/work/kuka_robot/install/lbr_demos_advanced_py:/home/khamrouni/ws_moveit/install/moveit_configs_utils:/home/khamrouni/ws_moveit/install/launch_param_builder:/opt/ros/humble /usr/bin/cmake --build /home/khamrouni/lbr-stack/src/lbr_fri_ros2_stack/build/lbr_moveit_cpp -- -j8 -l8
[7.561s] [ 50%] [32mBuilding CXX object CMakeFiles/hello_moveit.dir/src/hello_moveit.cpp.o[0m
[29.622s] [100%] [32m[1mLinking CXX executable hello_moveit[0m
[30.476s] [100%] Built target hello_moveit
[30.501s] Invoked command in '/home/khamrouni/lbr-stack/src/lbr_fri_ros2_stack/build/lbr_moveit_cpp' returned '0': CMAKE_PREFIX_PATH=${CMAKE_PREFIX_PATH}:/home/khamrouni/auctus/work/kuka_robot/install/lbr_demos_py:/home/khamrouni/auctus/work/kuka_robot/install/lbr_moveit:/home/khamrouni/auctus/work/kuka_robot/install/lbr_demos_advanced_py:/home/khamrouni/ws_moveit/install/moveit_configs_utils:/home/khamrouni/ws_moveit/install/launch_param_builder:/opt/ros/humble /usr/bin/cmake --build /home/khamrouni/lbr-stack/src/lbr_fri_ros2_stack/build/lbr_moveit_cpp -- -j8 -l8
[30.505s] Invoking command in '/home/khamrouni/lbr-stack/src/lbr_fri_ros2_stack/build/lbr_moveit_cpp': CMAKE_PREFIX_PATH=${CMAKE_PREFIX_PATH}:/home/khamrouni/auctus/work/kuka_robot/install/lbr_demos_py:/home/khamrouni/auctus/work/kuka_robot/install/lbr_moveit:/home/khamrouni/auctus/work/kuka_robot/install/lbr_demos_advanced_py:/home/khamrouni/ws_moveit/install/moveit_configs_utils:/home/khamrouni/ws_moveit/install/launch_param_builder:/opt/ros/humble /usr/bin/cmake --install /home/khamrouni/lbr-stack/src/lbr_fri_ros2_stack/build/lbr_moveit_cpp
[30.531s] -- Install configuration: "Release"
[30.531s] -- Installing: /home/khamrouni/lbr-stack/src/lbr_fri_ros2_stack/install/lbr_moveit_cpp/share/lbr_moveit_cpp/launch
[30.531s] -- Installing: /home/khamrouni/lbr-stack/src/lbr_fri_ros2_stack/install/lbr_moveit_cpp/share/lbr_moveit_cpp/launch/hello_moveit.launch.py
[30.532s] -- Installing: /home/khamrouni/lbr-stack/src/lbr_fri_ros2_stack/install/lbr_moveit_cpp/lib/lbr_moveit_cpp/hello_moveit
[30.533s] -- Set runtime path of "/home/khamrouni/lbr-stack/src/lbr_fri_ros2_stack/install/lbr_moveit_cpp/lib/lbr_moveit_cpp/hello_moveit" to ""
[30.533s] -- Installing: /home/khamrouni/lbr-stack/src/lbr_fri_ros2_stack/install/lbr_moveit_cpp/share/ament_index/resource_index/package_run_dependencies/lbr_moveit_cpp
[30.534s] -- Installing: /home/khamrouni/lbr-stack/src/lbr_fri_ros2_stack/install/lbr_moveit_cpp/share/ament_index/resource_index/parent_prefix_path/lbr_moveit_cpp
[30.534s] -- Installing: /home/khamrouni/lbr-stack/src/lbr_fri_ros2_stack/install/lbr_moveit_cpp/share/lbr_moveit_cpp/environment/ament_prefix_path.sh
[30.535s] -- Installing: /home/khamrouni/lbr-stack/src/lbr_fri_ros2_stack/install/lbr_moveit_cpp/share/lbr_moveit_cpp/environment/ament_prefix_path.dsv
[30.535s] -- Installing: /home/khamrouni/lbr-stack/src/lbr_fri_ros2_stack/install/lbr_moveit_cpp/share/lbr_moveit_cpp/environment/path.sh
[30.535s] -- Installing: /home/khamrouni/lbr-stack/src/lbr_fri_ros2_stack/install/lbr_moveit_cpp/share/lbr_moveit_cpp/environment/path.dsv
[30.535s] -- Installing: /home/khamrouni/lbr-stack/src/lbr_fri_ros2_stack/install/lbr_moveit_cpp/share/lbr_moveit_cpp/local_setup.bash
[30.536s] -- Installing: /home/khamrouni/lbr-stack/src/lbr_fri_ros2_stack/install/lbr_moveit_cpp/share/lbr_moveit_cpp/local_setup.sh
[30.536s] -- Installing: /home/khamrouni/lbr-stack/src/lbr_fri_ros2_stack/install/lbr_moveit_cpp/share/lbr_moveit_cpp/local_setup.zsh
[30.536s] -- Installing: /home/khamrouni/lbr-stack/src/lbr_fri_ros2_stack/install/lbr_moveit_cpp/share/lbr_moveit_cpp/local_setup.dsv
[30.537s] -- Installing: /home/khamrouni/lbr-stack/src/lbr_fri_ros2_stack/install/lbr_moveit_cpp/share/lbr_moveit_cpp/package.dsv
[30.537s] -- Installing: /home/khamrouni/lbr-stack/src/lbr_fri_ros2_stack/install/lbr_moveit_cpp/share/ament_index/resource_index/packages/lbr_moveit_cpp
[30.538s] -- Installing: /home/khamrouni/lbr-stack/src/lbr_fri_ros2_stack/install/lbr_moveit_cpp/share/lbr_moveit_cpp/cmake/lbr_moveit_cppConfig.cmake
[30.538s] -- Installing: /home/khamrouni/lbr-stack/src/lbr_fri_ros2_stack/install/lbr_moveit_cpp/share/lbr_moveit_cpp/cmake/lbr_moveit_cppConfig-version.cmake
[30.539s] -- Installing: /home/khamrouni/lbr-stack/src/lbr_fri_ros2_stack/install/lbr_moveit_cpp/share/lbr_moveit_cpp/package.xml
[30.543s] Invoked command in '/home/khamrouni/lbr-stack/src/lbr_fri_ros2_stack/build/lbr_moveit_cpp' returned '0': CMAKE_PREFIX_PATH=${CMAKE_PREFIX_PATH}:/home/khamrouni/auctus/work/kuka_robot/install/lbr_demos_py:/home/khamrouni/auctus/work/kuka_robot/install/lbr_moveit:/home/khamrouni/auctus/work/kuka_robot/install/lbr_demos_advanced_py:/home/khamrouni/ws_moveit/install/moveit_configs_utils:/home/khamrouni/ws_moveit/install/launch_param_builder:/opt/ros/humble /usr/bin/cmake --install /home/khamrouni/lbr-stack/src/lbr_fri_ros2_stack/build/lbr_moveit_cpp
