running egg_info
creating ../../build/lbr_demos_advanced_py/lbr_demos_advanced_py.egg-info
writing ../../build/lbr_demos_advanced_py/lbr_demos_advanced_py.egg-info/PKG-INFO
writing dependency_links to ../../build/lbr_demos_advanced_py/lbr_demos_advanced_py.egg-info/dependency_links.txt
writing entry points to ../../build/lbr_demos_advanced_py/lbr_demos_advanced_py.egg-info/entry_points.txt
writing requirements to ../../build/lbr_demos_advanced_py/lbr_demos_advanced_py.egg-info/requires.txt
writing top-level names to ../../build/lbr_demos_advanced_py/lbr_demos_advanced_py.egg-info/top_level.txt
writing manifest file '../../build/lbr_demos_advanced_py/lbr_demos_advanced_py.egg-info/SOURCES.txt'
reading manifest file '../../build/lbr_demos_advanced_py/lbr_demos_advanced_py.egg-info/SOURCES.txt'
writing manifest file '../../build/lbr_demos_advanced_py/lbr_demos_advanced_py.egg-info/SOURCES.txt'
running build
running build_py
creating /home/khamrouni/lbr-stack/src/lbr_fri_ros2_stack/build/lbr_demos_advanced_py/build
creating /home/khamrouni/lbr-stack/src/lbr_fri_ros2_stack/build/lbr_demos_advanced_py/build/lib
creating /home/khamrouni/lbr-stack/src/lbr_fri_ros2_stack/build/lbr_demos_advanced_py/build/lib/lbr_demos_advanced_py
copying lbr_demos_advanced_py/admittance_controller.py -> /home/khamrouni/lbr-stack/src/lbr_fri_ros2_stack/build/lbr_demos_advanced_py/build/lib/lbr_demos_advanced_py
copying lbr_demos_advanced_py/admittance_rcm_control_node.py -> /home/khamrouni/lbr-stack/src/lbr_fri_ros2_stack/build/lbr_demos_advanced_py/build/lib/lbr_demos_advanced_py
copying lbr_demos_advanced_py/lbr_base_position_command_node.py -> /home/khamrouni/lbr-stack/src/lbr_fri_ros2_stack/build/lbr_demos_advanced_py/build/lib/lbr_demos_advanced_py
copying lbr_demos_advanced_py/admittance_control_node.py -> /home/khamrouni/lbr-stack/src/lbr_fri_ros2_stack/build/lbr_demos_advanced_py/build/lib/lbr_demos_advanced_py
copying lbr_demos_advanced_py/__init__.py -> /home/khamrouni/lbr-stack/src/lbr_fri_ros2_stack/build/lbr_demos_advanced_py/build/lib/lbr_demos_advanced_py
copying lbr_demos_advanced_py/admittance_rcm_controller.py -> /home/khamrouni/lbr-stack/src/lbr_fri_ros2_stack/build/lbr_demos_advanced_py/build/lib/lbr_demos_advanced_py
running install
running install_lib
creating /home/khamrouni/lbr-stack/src/lbr_fri_ros2_stack/install/lbr_demos_advanced_py/lib/python3.10/site-packages/lbr_demos_advanced_py
copying /home/khamrouni/lbr-stack/src/lbr_fri_ros2_stack/build/lbr_demos_advanced_py/build/lib/lbr_demos_advanced_py/admittance_controller.py -> /home/khamrouni/lbr-stack/src/lbr_fri_ros2_stack/install/lbr_demos_advanced_py/lib/python3.10/site-packages/lbr_demos_advanced_py
copying /home/khamrouni/lbr-stack/src/lbr_fri_ros2_stack/build/lbr_demos_advanced_py/build/lib/lbr_demos_advanced_py/admittance_rcm_control_node.py -> /home/khamrouni/lbr-stack/src/lbr_fri_ros2_stack/install/lbr_demos_advanced_py/lib/python3.10/site-packages/lbr_demos_advanced_py
copying /home/khamrouni/lbr-stack/src/lbr_fri_ros2_stack/build/lbr_demos_advanced_py/build/lib/lbr_demos_advanced_py/lbr_base_position_command_node.py -> /home/khamrouni/lbr-stack/src/lbr_fri_ros2_stack/install/lbr_demos_advanced_py/lib/python3.10/site-packages/lbr_demos_advanced_py
copying /home/khamrouni/lbr-stack/src/lbr_fri_ros2_stack/build/lbr_demos_advanced_py/build/lib/lbr_demos_advanced_py/admittance_control_node.py -> /home/khamrouni/lbr-stack/src/lbr_fri_ros2_stack/install/lbr_demos_advanced_py/lib/python3.10/site-packages/lbr_demos_advanced_py
copying /home/khamrouni/lbr-stack/src/lbr_fri_ros2_stack/build/lbr_demos_advanced_py/build/lib/lbr_demos_advanced_py/__init__.py -> /home/khamrouni/lbr-stack/src/lbr_fri_ros2_stack/install/lbr_demos_advanced_py/lib/python3.10/site-packages/lbr_demos_advanced_py
copying /home/khamrouni/lbr-stack/src/lbr_fri_ros2_stack/build/lbr_demos_advanced_py/build/lib/lbr_demos_advanced_py/admittance_rcm_controller.py -> /home/khamrouni/lbr-stack/src/lbr_fri_ros2_stack/install/lbr_demos_advanced_py/lib/python3.10/site-packages/lbr_demos_advanced_py
byte-compiling /home/khamrouni/lbr-stack/src/lbr_fri_ros2_stack/install/lbr_demos_advanced_py/lib/python3.10/site-packages/lbr_demos_advanced_py/admittance_controller.py to admittance_controller.cpython-310.pyc
byte-compiling /home/khamrouni/lbr-stack/src/lbr_fri_ros2_stack/install/lbr_demos_advanced_py/lib/python3.10/site-packages/lbr_demos_advanced_py/admittance_rcm_control_node.py to admittance_rcm_control_node.cpython-310.pyc
byte-compiling /home/khamrouni/lbr-stack/src/lbr_fri_ros2_stack/install/lbr_demos_advanced_py/lib/python3.10/site-packages/lbr_demos_advanced_py/lbr_base_position_command_node.py to lbr_base_position_command_node.cpython-310.pyc
byte-compiling /home/khamrouni/lbr-stack/src/lbr_fri_ros2_stack/install/lbr_demos_advanced_py/lib/python3.10/site-packages/lbr_demos_advanced_py/admittance_control_node.py to admittance_control_node.cpython-310.pyc
byte-compiling /home/khamrouni/lbr-stack/src/lbr_fri_ros2_stack/install/lbr_demos_advanced_py/lib/python3.10/site-packages/lbr_demos_advanced_py/__init__.py to __init__.cpython-310.pyc
byte-compiling /home/khamrouni/lbr-stack/src/lbr_fri_ros2_stack/install/lbr_demos_advanced_py/lib/python3.10/site-packages/lbr_demos_advanced_py/admittance_rcm_controller.py to admittance_rcm_controller.cpython-310.pyc
running install_data
creating /home/khamrouni/lbr-stack/src/lbr_fri_ros2_stack/install/lbr_demos_advanced_py/share/ament_index
creating /home/khamrouni/lbr-stack/src/lbr_fri_ros2_stack/install/lbr_demos_advanced_py/share/ament_index/resource_index
creating /home/khamrouni/lbr-stack/src/lbr_fri_ros2_stack/install/lbr_demos_advanced_py/share/ament_index/resource_index/packages
copying resource/lbr_demos_advanced_py -> /home/khamrouni/lbr-stack/src/lbr_fri_ros2_stack/install/lbr_demos_advanced_py/share/ament_index/resource_index/packages
copying package.xml -> /home/khamrouni/lbr-stack/src/lbr_fri_ros2_stack/install/lbr_demos_advanced_py/share/lbr_demos_advanced_py
creating /home/khamrouni/lbr-stack/src/lbr_fri_ros2_stack/install/lbr_demos_advanced_py/share/lbr_demos_advanced_py/config
copying config/admittance_control.yaml -> /home/khamrouni/lbr-stack/src/lbr_fri_ros2_stack/install/lbr_demos_advanced_py/share/lbr_demos_advanced_py/config
copying config/admittance_rcm_control.yaml -> /home/khamrouni/lbr-stack/src/lbr_fri_ros2_stack/install/lbr_demos_advanced_py/share/lbr_demos_advanced_py/config
running install_egg_info
Copying ../../build/lbr_demos_advanced_py/lbr_demos_advanced_py.egg-info to /home/khamrouni/lbr-stack/src/lbr_fri_ros2_stack/install/lbr_demos_advanced_py/lib/python3.10/site-packages/lbr_demos_advanced_py-2.2.1-py3.10.egg-info
running install_scripts
Installing admittance_control script to /home/khamrouni/lbr-stack/src/lbr_fri_ros2_stack/install/lbr_demos_advanced_py/lib/lbr_demos_advanced_py
Installing admittance_rcm_control script to /home/khamrouni/lbr-stack/src/lbr_fri_ros2_stack/install/lbr_demos_advanced_py/lib/lbr_demos_advanced_py
writing list of installed files to '/home/khamrouni/lbr-stack/src/lbr_fri_ros2_stack/build/lbr_demos_advanced_py/install.log'
