[0.097s] Invoking command in '/home/khamrouni/lbr-stack/src/lbr_fri_ros2_stack/build/lbr_fri_ros2': AMENT_PREFIX_PATH=/home/khamrouni/lbr-stack/src/lbr_fri_ros2_stack/install/lbr_description:${AMENT_PREFIX_PATH} CMAKE_PREFIX_PATH=/home/khamrouni/lbr-stack/src/lbr_fri_ros2_stack/install/lbr_description:/home/khamrouni/ws_moveit/install/pilz_industrial_motion_planner_testutils:/home/khamrouni/ws_moveit/install/moveit_runtime:/home/khamrouni/ws_moveit/install/moveit2_tutorials:/home/khamrouni/ws_moveit/install/moveit:/home/khamrouni/ws_moveit/install/moveit_planners:/home/khamrouni/ws_moveit/install/pilz_industrial_motion_planner:/home/khamrouni/ws_moveit/install/moveit_visual_tools:/home/khamrouni/ws_moveit/install/moveit_task_constructor_visualization:/home/khamrouni/ws_moveit/install/moveit_task_constructor_demo:/home/khamrouni/ws_moveit/install/moveit_task_constructor_capabilities:/home/khamrouni/ws_moveit/install/moveit_task_constructor_core:/home/khamrouni/ws_moveit/install/moveit_ros_control_interface:/home/khamrouni/ws_moveit/install/moveit_plugins:/home/khamrouni/ws_moveit/install/moveit_simple_controller_manager:/home/khamrouni/ws_moveit/install/moveit_setup_assistant:/home/khamrouni/ws_moveit/install/moveit_setup_srdf_plugins:/home/khamrouni/ws_moveit/install/moveit_setup_core_plugins:/home/khamrouni/ws_moveit/install/moveit_setup_controllers:/home/khamrouni/ws_moveit/install/moveit_setup_app_plugins:/home/khamrouni/ws_moveit/install/moveit_setup_framework:/home/khamrouni/ws_moveit/install/moveit_servo:/home/khamrouni/ws_moveit/install/moveit_ros:/home/khamrouni/ws_moveit/install/moveit_ros_visualization:/home/khamrouni/ws_moveit/install/moveit_hybrid_planning:/home/khamrouni/ws_moveit/install/move_program:/home/khamrouni/ws_moveit/install/hello_moveit:/home/khamrouni/ws_moveit/install/moveit_ros_planning_interface:/home/khamrouni/ws_moveit/install/moveit_ros_benchmarks:/home/khamrouni/ws_moveit/install/moveit_ros_warehouse:/home/khamrouni/ws_moveit/install/moveit_ros_robot_interaction:/home/khamrouni/ws_moveit/install/moveit_ros_perception:/home/khamrouni/ws_moveit/install/moveit_resources_prbt_pg70_support:/home/khamrouni/ws_moveit/install/moveit_resources_prbt_moveit_config:/home/khamrouni/ws_moveit/install/moveit_ros_move_group:/home/khamrouni/ws_moveit/install/moveit_planners_ompl:/home/khamrouni/ws_moveit/install/moveit_ros_planning:/home/khamrouni/ws_moveit/install/moveit_ros_occupancy_map_monitor:/home/khamrouni/ws_moveit/install/moveit_resources_prbt_ikfast_manipulator_plugin:/home/khamrouni/ws_moveit/install/moveit_planners_chomp:/home/khamrouni/ws_moveit/install/moveit_kinematics:/home/khamrouni/ws_moveit/install/moveit_chomp_optimizer_adapter:/home/khamrouni/ws_moveit/install/chomp_motion_planner:/home/khamrouni/ws_moveit/install/moveit_core:/home/khamrouni/ws_moveit/install/srdfdom:/home/khamrouni/ws_moveit/install/rviz_marker_tools:/home/khamrouni/ws_moveit/install/rosparam_shortcuts:/home/khamrouni/ws_moveit/install/moveit_task_constructor_msgs:/home/khamrouni/ws_moveit/install/moveit_resources_prbt_support:/home/khamrouni/ws_moveit/install/moveit_resources:/home/khamrouni/ws_moveit/install/moveit_resources_pr2_description:/home/khamrouni/ws_moveit/install/moveit_resources_panda_moveit_config:/home/khamrouni/ws_moveit/install/moveit_resources_panda_description:/home/khamrouni/ws_moveit/install/moveit_resources_fanuc_moveit_config:/home/khamrouni/ws_moveit/install/moveit_resources_fanuc_description:/home/khamrouni/ws_moveit/install/moveit_common:/home/khamrouni/robot_ws/install/iiwa_description:/home/khamrouni/ros2_ws/install/polygon_base:/home/khamrouni/ros2_ws/install/iiwa_bringup:/home/khamrouni/ros2_ws/install/iiwa_description:/home/khamrouni/ros2_ws/install/examples_rclcpp_minimal_action_client:/home/khamrouni/ros2_ws/install/examples_rclcpp_cbg_executor:/home/khamrouni/ros2_ws/install/examples_rclcpp_async_client:/home/khamrouni/ros2_ws/install/cpp_parameters:/home/khamrouni/ws_moveit/install/moveit_configs_utils:/home/khamrouni/ws_moveit/install/launch_param_builder:/opt/ros/humble /usr/bin/cmake /home/khamrouni/lbr-stack/src/lbr_fri_ros2_stack/lbr_fri_ros2 -DCMAKE_INSTALL_PREFIX=/home/khamrouni/lbr-stack/src/lbr_fri_ros2_stack/install/lbr_fri_ros2
[0.260s] -- The C compiler identification is GNU 11.4.0
[0.478s] -- The CXX compiler identification is GNU 11.4.0
[0.518s] -- Detecting C compiler ABI info
[0.762s] -- Detecting C compiler ABI info - done
[0.790s] -- Check for working C compiler: /usr/bin/cc - skipped
[0.793s] -- Detecting C compile features
[0.798s] -- Detecting C compile features - done
[0.810s] -- Detecting CXX compiler ABI info
[1.076s] -- Detecting CXX compiler ABI info - done
[1.106s] -- Check for working CXX compiler: /usr/bin/c++ - skipped
[1.108s] -- Detecting CXX compile features
[1.109s] -- Detecting CXX compile features - done
[1.130s] -- Found ament_cmake: 1.3.11 (/opt/ros/humble/share/ament_cmake/cmake)
[1.611s] -- Found Python3: /usr/bin/python3 (found version "3.10.12") found components: Interpreter 
[1.975s] -- Found eigen3_cmake_module: 0.1.1 (/opt/ros/humble/share/eigen3_cmake_module/cmake)
[2.011s] -- Found Eigen3: TRUE (found version "3.4.0") 
[2.061s] [31mCMake Error at CMakeLists.txt:16 (find_package):
[2.061s]   By not providing "FindFRIClient.cmake" in CMAKE_MODULE_PATH this project
[2.061s]   has asked CMake to find a package configuration file provided by
[2.062s]   "FRIClient", but CMake did not find one.
[2.062s] 
[2.062s]   Could not find a package configuration file provided by "FRIClient" with
[2.062s]   any of the following names:
[2.062s] 
[2.062s]     FRIClientConfig.cmake
[2.063s]     friclient-config.cmake
[2.063s] 
[2.063s]   Add the installation prefix of "FRIClient" to CMAKE_PREFIX_PATH or set
[2.063s]   "FRIClient_DIR" to a directory containing one of the above files.  If
[2.063s]   "FRIClient" provides a separate development package or SDK, be sure it has
[2.064s]   been installed.
[2.064s] 
[2.064s] [0m
[2.064s] -- Configuring incomplete, errors occurred!
[2.064s] See also "/home/khamrouni/lbr-stack/src/lbr_fri_ros2_stack/build/lbr_fri_ros2/CMakeFiles/CMakeOutput.log".
[2.081s] Invoked command in '/home/khamrouni/lbr-stack/src/lbr_fri_ros2_stack/build/lbr_fri_ros2' returned '1': AMENT_PREFIX_PATH=/home/khamrouni/lbr-stack/src/lbr_fri_ros2_stack/install/lbr_description:${AMENT_PREFIX_PATH} CMAKE_PREFIX_PATH=/home/khamrouni/lbr-stack/src/lbr_fri_ros2_stack/install/lbr_description:/home/khamrouni/ws_moveit/install/pilz_industrial_motion_planner_testutils:/home/khamrouni/ws_moveit/install/moveit_runtime:/home/khamrouni/ws_moveit/install/moveit2_tutorials:/home/khamrouni/ws_moveit/install/moveit:/home/khamrouni/ws_moveit/install/moveit_planners:/home/khamrouni/ws_moveit/install/pilz_industrial_motion_planner:/home/khamrouni/ws_moveit/install/moveit_visual_tools:/home/khamrouni/ws_moveit/install/moveit_task_constructor_visualization:/home/khamrouni/ws_moveit/install/moveit_task_constructor_demo:/home/khamrouni/ws_moveit/install/moveit_task_constructor_capabilities:/home/khamrouni/ws_moveit/install/moveit_task_constructor_core:/home/khamrouni/ws_moveit/install/moveit_ros_control_interface:/home/khamrouni/ws_moveit/install/moveit_plugins:/home/khamrouni/ws_moveit/install/moveit_simple_controller_manager:/home/khamrouni/ws_moveit/install/moveit_setup_assistant:/home/khamrouni/ws_moveit/install/moveit_setup_srdf_plugins:/home/khamrouni/ws_moveit/install/moveit_setup_core_plugins:/home/khamrouni/ws_moveit/install/moveit_setup_controllers:/home/khamrouni/ws_moveit/install/moveit_setup_app_plugins:/home/khamrouni/ws_moveit/install/moveit_setup_framework:/home/khamrouni/ws_moveit/install/moveit_servo:/home/khamrouni/ws_moveit/install/moveit_ros:/home/khamrouni/ws_moveit/install/moveit_ros_visualization:/home/khamrouni/ws_moveit/install/moveit_hybrid_planning:/home/khamrouni/ws_moveit/install/move_program:/home/khamrouni/ws_moveit/install/hello_moveit:/home/khamrouni/ws_moveit/install/moveit_ros_planning_interface:/home/khamrouni/ws_moveit/install/moveit_ros_benchmarks:/home/khamrouni/ws_moveit/install/moveit_ros_warehouse:/home/khamrouni/ws_moveit/install/moveit_ros_robot_interaction:/home/khamrouni/ws_moveit/install/moveit_ros_perception:/home/khamrouni/ws_moveit/install/moveit_resources_prbt_pg70_support:/home/khamrouni/ws_moveit/install/moveit_resources_prbt_moveit_config:/home/khamrouni/ws_moveit/install/moveit_ros_move_group:/home/khamrouni/ws_moveit/install/moveit_planners_ompl:/home/khamrouni/ws_moveit/install/moveit_ros_planning:/home/khamrouni/ws_moveit/install/moveit_ros_occupancy_map_monitor:/home/khamrouni/ws_moveit/install/moveit_resources_prbt_ikfast_manipulator_plugin:/home/khamrouni/ws_moveit/install/moveit_planners_chomp:/home/khamrouni/ws_moveit/install/moveit_kinematics:/home/khamrouni/ws_moveit/install/moveit_chomp_optimizer_adapter:/home/khamrouni/ws_moveit/install/chomp_motion_planner:/home/khamrouni/ws_moveit/install/moveit_core:/home/khamrouni/ws_moveit/install/srdfdom:/home/khamrouni/ws_moveit/install/rviz_marker_tools:/home/khamrouni/ws_moveit/install/rosparam_shortcuts:/home/khamrouni/ws_moveit/install/moveit_task_constructor_msgs:/home/khamrouni/ws_moveit/install/moveit_resources_prbt_support:/home/khamrouni/ws_moveit/install/moveit_resources:/home/khamrouni/ws_moveit/install/moveit_resources_pr2_description:/home/khamrouni/ws_moveit/install/moveit_resources_panda_moveit_config:/home/khamrouni/ws_moveit/install/moveit_resources_panda_description:/home/khamrouni/ws_moveit/install/moveit_resources_fanuc_moveit_config:/home/khamrouni/ws_moveit/install/moveit_resources_fanuc_description:/home/khamrouni/ws_moveit/install/moveit_common:/home/khamrouni/robot_ws/install/iiwa_description:/home/khamrouni/ros2_ws/install/polygon_base:/home/khamrouni/ros2_ws/install/iiwa_bringup:/home/khamrouni/ros2_ws/install/iiwa_description:/home/khamrouni/ros2_ws/install/examples_rclcpp_minimal_action_client:/home/khamrouni/ros2_ws/install/examples_rclcpp_cbg_executor:/home/khamrouni/ros2_ws/install/examples_rclcpp_async_client:/home/khamrouni/ros2_ws/install/cpp_parameters:/home/khamrouni/ws_moveit/install/moveit_configs_utils:/home/khamrouni/ws_moveit/install/launch_param_builder:/opt/ros/humble /usr/bin/cmake /home/khamrouni/lbr-stack/src/lbr_fri_ros2_stack/lbr_fri_ros2 -DCMAKE_INSTALL_PREFIX=/home/khamrouni/lbr-stack/src/lbr_fri_ros2_stack/install/lbr_fri_ros2
