[1.949s] Invoking command in '/home/khamrouni/lbr-stack/src/lbr_fri_ros2_stack/lbr_demos/lbr_moveit': PYTHONPATH=/home/khamrouni/lbr-stack/src/lbr_fri_ros2_stack/build/lbr_moveit/prefix_override:/usr/lib/python3/dist-packages/colcon_core/task/python/colcon_distutils_commands:/home/khamrouni/lbr-stack/src/lbr_fri_ros2_stack/install/lbr_moveit/lib/python3.10/site-packages:${PYTHONPATH} /usr/bin/python3 -W ignore:setup.py install is deprecated -W ignore:easy_install command is deprecated setup.py egg_info --egg-base ../../build/lbr_moveit build --build-base /home/khamrouni/lbr-stack/src/lbr_fri_ros2_stack/build/lbr_moveit/build install --record /home/khamrouni/lbr-stack/src/lbr_fri_ros2_stack/build/lbr_moveit/install.log --single-version-externally-managed install_data
[2.510s] running egg_info
[2.511s] writing ../../build/lbr_moveit/lbr_moveit.egg-info/PKG-INFO
[2.513s] writing dependency_links to ../../build/lbr_moveit/lbr_moveit.egg-info/dependency_links.txt
[2.513s] writing entry points to ../../build/lbr_moveit/lbr_moveit.egg-info/entry_points.txt
[2.513s] writing requirements to ../../build/lbr_moveit/lbr_moveit.egg-info/requires.txt
[2.513s] writing top-level names to ../../build/lbr_moveit/lbr_moveit.egg-info/top_level.txt
[2.516s] reading manifest file '../../build/lbr_moveit/lbr_moveit.egg-info/SOURCES.txt'
[2.518s] writing manifest file '../../build/lbr_moveit/lbr_moveit.egg-info/SOURCES.txt'
[2.519s] running build
[2.519s] running build_py
[2.519s] running install
[2.520s] running install_lib
[2.522s] running install_data
[2.523s] running install_egg_info
[2.526s] removing '/home/khamrouni/lbr-stack/src/lbr_fri_ros2_stack/install/lbr_moveit/lib/python3.10/site-packages/lbr_moveit-2.2.1-py3.10.egg-info' (and everything under it)
[2.526s] Copying ../../build/lbr_moveit/lbr_moveit.egg-info to /home/khamrouni/lbr-stack/src/lbr_fri_ros2_stack/install/lbr_moveit/lib/python3.10/site-packages/lbr_moveit-2.2.1-py3.10.egg-info
[2.528s] running install_scripts
[2.567s] Installing forward_keyboard script to /home/khamrouni/lbr-stack/src/lbr_fri_ros2_stack/install/lbr_moveit/lib/lbr_moveit
[2.568s] writing list of installed files to '/home/khamrouni/lbr-stack/src/lbr_fri_ros2_stack/build/lbr_moveit/install.log'
[2.608s] Invoked command in '/home/khamrouni/lbr-stack/src/lbr_fri_ros2_stack/lbr_demos/lbr_moveit' returned '0': PYTHONPATH=/home/khamrouni/lbr-stack/src/lbr_fri_ros2_stack/build/lbr_moveit/prefix_override:/usr/lib/python3/dist-packages/colcon_core/task/python/colcon_distutils_commands:/home/khamrouni/lbr-stack/src/lbr_fri_ros2_stack/install/lbr_moveit/lib/python3.10/site-packages:${PYTHONPATH} /usr/bin/python3 -W ignore:setup.py install is deprecated -W ignore:easy_install command is deprecated setup.py egg_info --egg-base ../../build/lbr_moveit build --build-base /home/khamrouni/lbr-stack/src/lbr_fri_ros2_stack/build/lbr_moveit/build install --record /home/khamrouni/lbr-stack/src/lbr_fri_ros2_stack/build/lbr_moveit/install.log --single-version-externally-managed install_data
