-- The C compiler identification is GNU 11.4.0
-- The CXX compiler identification is GNU 11.4.0
-- Detecting C compiler ABI info
-- Detecting C compiler ABI info - done
-- Check for working C compiler: /usr/bin/cc - skipped
-- Detecting C compile features
-- Detecting C compile features - done
-- Detecting CXX compiler ABI info
-- Detecting CXX compiler ABI info - done
-- Check for working CXX compiler: /usr/bin/c++ - skipped
-- Detecting CXX compile features
-- Detecting CXX compile features - done
-- Found ament_cmake: 1.3.11 (/opt/ros/humble/share/ament_cmake/cmake)
-- Found Python3: /usr/bin/python3 (found version "3.10.12") found components: Interpreter 
-- Found eigen3_cmake_module: 0.1.1 (/opt/ros/humble/share/eigen3_cmake_module/cmake)
-- Found Eigen3: TRUE (found version "3.4.0") 
-- Found geometry_msgs: 4.2.4 (/opt/ros/humble/share/geometry_msgs/cmake)
-- Found rosidl_generator_c: 3.1.6 (/opt/ros/humble/share/rosidl_generator_c/cmake)
-- Found rosidl_adapter: 3.1.6 (/opt/ros/humble/share/rosidl_adapter/cmake)
-- Found rosidl_generator_cpp: 3.1.6 (/opt/ros/humble/share/rosidl_generator_cpp/cmake)
-- Using all available rosidl_typesupport_c: rosidl_typesupport_fastrtps_c;rosidl_typesupport_introspection_c
-- Using all available rosidl_typesupport_cpp: rosidl_typesupport_fastrtps_cpp;rosidl_typesupport_introspection_cpp
-- Found kdl_parser: 2.6.4 (/opt/ros/humble/share/kdl_parser/cmake)
-- Ensuring Eigen3 include directory is part of orocos-kdl CMake target
-- Found lbr_fri_idl: 1.5.0 (/home/khamrouni/auctus/work/kuka_robot/install/lbr_fri_idl/share/lbr_fri_idl/cmake)
-- Found rclcpp: 16.0.11 (/opt/ros/humble/share/rclcpp/cmake)
-- Found rmw_implementation_cmake: 6.1.2 (/opt/ros/humble/share/rmw_implementation_cmake/cmake)
-- Found rmw_fastrtps_cpp: 6.2.7 (/opt/ros/humble/share/rmw_fastrtps_cpp/cmake)
-- Found OpenSSL: /usr/lib/x86_64-linux-gnu/libcrypto.so (found version "3.0.2")  
-- Found FastRTPS: /opt/ros/humble/include  
-- Using RMW implementation 'rmw_fastrtps_cpp' as default
-- Looking for pthread.h
-- Looking for pthread.h - found
-- Performing Test CMAKE_HAVE_LIBC_PTHREAD
-- Performing Test CMAKE_HAVE_LIBC_PTHREAD - Success
-- Found Threads: TRUE  
-- Found realtime_tools: 2.11.0 (/opt/ros/humble/share/realtime_tools/cmake)
-- Found urdf: 2.6.1 (/opt/ros/humble/share/urdf/cmake)
-- Found ament_cmake_gtest: 1.3.11 (/opt/ros/humble/share/ament_cmake_gtest/cmake)
-- Found gtest sources under '/opt/ros/humble/src/gtest_vendor': C++ tests using 'Google Test' will be built
-- Configuring done
-- Generating done
-- Build files have been written to: /home/khamrouni/lbr-stack/src/lbr_fri_ros2_stack/build/lbr_fri_ros2
[ 10%] [32mBuilding CXX object gtest/CMakeFiles/gtest.dir/src/gtest-all.cc.o[0m
[ 10%] [32mBuilding CXX object gtest/CMakeFiles/gtest_main.dir/src/gtest_main.cc.o[0m
[ 15%] [32mBuilding CXX object CMakeFiles/lbr_fri_ros2.dir/src/interfaces/position_command.cpp.o[0m
[ 20%] [32mBuilding CXX object CMakeFiles/lbr_fri_ros2.dir/src/interfaces/base_command.cpp.o[0m
[ 25%] [32mBuilding CXX object CMakeFiles/lbr_fri_ros2.dir/src/interfaces/wrench_command.cpp.o[0m
[ 30%] [32mBuilding CXX object CMakeFiles/lbr_fri_ros2.dir/src/app.cpp.o[0m
[ 35%] [32mBuilding CXX object CMakeFiles/lbr_fri_ros2.dir/src/interfaces/state.cpp.o[0m
[ 40%] [32mBuilding CXX object CMakeFiles/lbr_fri_ros2.dir/src/interfaces/torque_command.cpp.o[0m
[ 45%] [32mBuilding CXX object CMakeFiles/lbr_fri_ros2.dir/src/command_guard.cpp.o[0m
[ 50%] [32mBuilding CXX object CMakeFiles/lbr_fri_ros2.dir/src/async_client.cpp.o[0m
[ 55%] [32mBuilding CXX object CMakeFiles/lbr_fri_ros2.dir/src/control.cpp.o[0m
[ 60%] [32mBuilding CXX object CMakeFiles/lbr_fri_ros2.dir/src/filters.cpp.o[0m
[ 65%] [32m[1mLinking CXX static library libgtest_main.a[0m
[ 70%] [32mBuilding CXX object CMakeFiles/lbr_fri_ros2.dir/src/ft_estimator.cpp.o[0m
[ 70%] Built target gtest_main
[ 75%] [32mBuilding CXX object CMakeFiles/lbr_fri_ros2.dir/src/kinematics.cpp.o[0m
[ 80%] [32mBuilding CXX object CMakeFiles/lbr_fri_ros2.dir/src/worker.cpp.o[0m
[ 85%] [32m[1mLinking CXX static library libgtest.a[0m
[ 85%] Built target gtest
[ 90%] [32m[1mLinking CXX shared library liblbr_fri_ros2.so[0m
[ 90%] Built target lbr_fri_ros2
[ 95%] [32mBuilding CXX object CMakeFiles/test_command_interfaces.dir/test/test_command_interfaces.cpp.o[0m
[100%] [32m[1mLinking CXX executable test_command_interfaces[0m
[100%] Built target test_command_interfaces
-- Install configuration: "Release"
-- Installing: /home/khamrouni/lbr-stack/src/lbr_fri_ros2_stack/install/lbr_fri_ros2/share/lbr_fri_ros2/environment/library_path.sh
-- Installing: /home/khamrouni/lbr-stack/src/lbr_fri_ros2_stack/install/lbr_fri_ros2/share/lbr_fri_ros2/environment/library_path.dsv
-- Installing: /home/khamrouni/lbr-stack/src/lbr_fri_ros2_stack/install/lbr_fri_ros2/include
-- Installing: /home/khamrouni/lbr-stack/src/lbr_fri_ros2_stack/install/lbr_fri_ros2/include/lbr_fri_ros2
-- Installing: /home/khamrouni/lbr-stack/src/lbr_fri_ros2_stack/install/lbr_fri_ros2/include/lbr_fri_ros2/utils.hpp
-- Installing: /home/khamrouni/lbr-stack/src/lbr_fri_ros2_stack/install/lbr_fri_ros2/include/lbr_fri_ros2/ft_estimator.hpp
-- Installing: /home/khamrouni/lbr-stack/src/lbr_fri_ros2_stack/install/lbr_fri_ros2/include/lbr_fri_ros2/filters.hpp
-- Installing: /home/khamrouni/lbr-stack/src/lbr_fri_ros2_stack/install/lbr_fri_ros2/include/lbr_fri_ros2/control.hpp
-- Installing: /home/khamrouni/lbr-stack/src/lbr_fri_ros2_stack/install/lbr_fri_ros2/include/lbr_fri_ros2/app.hpp
-- Installing: /home/khamrouni/lbr-stack/src/lbr_fri_ros2_stack/install/lbr_fri_ros2/include/lbr_fri_ros2/kinematics.hpp
-- Installing: /home/khamrouni/lbr-stack/src/lbr_fri_ros2_stack/install/lbr_fri_ros2/include/lbr_fri_ros2/command_guard.hpp
-- Installing: /home/khamrouni/lbr-stack/src/lbr_fri_ros2_stack/install/lbr_fri_ros2/include/lbr_fri_ros2/pinv.hpp
-- Installing: /home/khamrouni/lbr-stack/src/lbr_fri_ros2_stack/install/lbr_fri_ros2/include/lbr_fri_ros2/worker.hpp
-- Installing: /home/khamrouni/lbr-stack/src/lbr_fri_ros2_stack/install/lbr_fri_ros2/include/lbr_fri_ros2/formatting.hpp
-- Installing: /home/khamrouni/lbr-stack/src/lbr_fri_ros2_stack/install/lbr_fri_ros2/include/lbr_fri_ros2/interfaces
-- Installing: /home/khamrouni/lbr-stack/src/lbr_fri_ros2_stack/install/lbr_fri_ros2/include/lbr_fri_ros2/interfaces/torque_command.hpp
-- Installing: /home/khamrouni/lbr-stack/src/lbr_fri_ros2_stack/install/lbr_fri_ros2/include/lbr_fri_ros2/interfaces/base_command.hpp
-- Installing: /home/khamrouni/lbr-stack/src/lbr_fri_ros2_stack/install/lbr_fri_ros2/include/lbr_fri_ros2/interfaces/state.hpp
-- Installing: /home/khamrouni/lbr-stack/src/lbr_fri_ros2_stack/install/lbr_fri_ros2/include/lbr_fri_ros2/interfaces/position_command.hpp
-- Installing: /home/khamrouni/lbr-stack/src/lbr_fri_ros2_stack/install/lbr_fri_ros2/include/lbr_fri_ros2/interfaces/wrench_command.hpp
-- Installing: /home/khamrouni/lbr-stack/src/lbr_fri_ros2_stack/install/lbr_fri_ros2/include/lbr_fri_ros2/async_client.hpp
-- Installing: /home/khamrouni/lbr-stack/src/lbr_fri_ros2_stack/install/lbr_fri_ros2/include/lbr_fri_ros2/types.hpp
-- Installing: /home/khamrouni/lbr-stack/src/lbr_fri_ros2_stack/install/lbr_fri_ros2/lib/liblbr_fri_ros2.so
-- Set runtime path of "/home/khamrouni/lbr-stack/src/lbr_fri_ros2_stack/install/lbr_fri_ros2/lib/liblbr_fri_ros2.so" to ""
-- Installing: /home/khamrouni/lbr-stack/src/lbr_fri_ros2_stack/install/lbr_fri_ros2/share/ament_index/resource_index/package_run_dependencies/lbr_fri_ros2
-- Installing: /home/khamrouni/lbr-stack/src/lbr_fri_ros2_stack/install/lbr_fri_ros2/share/ament_index/resource_index/parent_prefix_path/lbr_fri_ros2
-- Installing: /home/khamrouni/lbr-stack/src/lbr_fri_ros2_stack/install/lbr_fri_ros2/share/lbr_fri_ros2/environment/ament_prefix_path.sh
-- Installing: /home/khamrouni/lbr-stack/src/lbr_fri_ros2_stack/install/lbr_fri_ros2/share/lbr_fri_ros2/environment/ament_prefix_path.dsv
-- Installing: /home/khamrouni/lbr-stack/src/lbr_fri_ros2_stack/install/lbr_fri_ros2/share/lbr_fri_ros2/environment/path.sh
-- Installing: /home/khamrouni/lbr-stack/src/lbr_fri_ros2_stack/install/lbr_fri_ros2/share/lbr_fri_ros2/environment/path.dsv
-- Installing: /home/khamrouni/lbr-stack/src/lbr_fri_ros2_stack/install/lbr_fri_ros2/share/lbr_fri_ros2/local_setup.bash
-- Installing: /home/khamrouni/lbr-stack/src/lbr_fri_ros2_stack/install/lbr_fri_ros2/share/lbr_fri_ros2/local_setup.sh
-- Installing: /home/khamrouni/lbr-stack/src/lbr_fri_ros2_stack/install/lbr_fri_ros2/share/lbr_fri_ros2/local_setup.zsh
-- Installing: /home/khamrouni/lbr-stack/src/lbr_fri_ros2_stack/install/lbr_fri_ros2/share/lbr_fri_ros2/local_setup.dsv
-- Installing: /home/khamrouni/lbr-stack/src/lbr_fri_ros2_stack/install/lbr_fri_ros2/share/lbr_fri_ros2/package.dsv
-- Installing: /home/khamrouni/lbr-stack/src/lbr_fri_ros2_stack/install/lbr_fri_ros2/share/ament_index/resource_index/packages/lbr_fri_ros2
-- Installing: /home/khamrouni/lbr-stack/src/lbr_fri_ros2_stack/install/lbr_fri_ros2/share/lbr_fri_ros2/cmake/lbr_fri_ros2_exportExport.cmake
-- Installing: /home/khamrouni/lbr-stack/src/lbr_fri_ros2_stack/install/lbr_fri_ros2/share/lbr_fri_ros2/cmake/lbr_fri_ros2_exportExport-release.cmake
-- Installing: /home/khamrouni/lbr-stack/src/lbr_fri_ros2_stack/install/lbr_fri_ros2/share/lbr_fri_ros2/cmake/ament_cmake_export_targets-extras.cmake
-- Installing: /home/khamrouni/lbr-stack/src/lbr_fri_ros2_stack/install/lbr_fri_ros2/share/lbr_fri_ros2/cmake/ament_cmake_export_dependencies-extras.cmake
-- Installing: /home/khamrouni/lbr-stack/src/lbr_fri_ros2_stack/install/lbr_fri_ros2/share/lbr_fri_ros2/cmake/lbr_fri_ros2Config.cmake
-- Installing: /home/khamrouni/lbr-stack/src/lbr_fri_ros2_stack/install/lbr_fri_ros2/share/lbr_fri_ros2/cmake/lbr_fri_ros2Config-version.cmake
-- Installing: /home/khamrouni/lbr-stack/src/lbr_fri_ros2_stack/install/lbr_fri_ros2/share/lbr_fri_ros2/package.xml
