-- The C compiler identification is GNU 11.4.0
-- The CXX compiler identification is GNU 11.4.0
-- Detecting C compiler ABI info
-- Detecting C compiler ABI info - done
-- Check for working C compiler: /usr/bin/cc - skipped
-- Detecting C compile features
-- Detecting C compile features - done
-- Detecting CXX compiler ABI info
-- Detecting CXX compiler ABI info - done
-- Check for working CXX compiler: /usr/bin/c++ - skipped
-- Detecting CXX compile features
-- Detecting CXX compile features - done
-- Found ament_cmake: 1.3.11 (/opt/ros/humble/share/ament_cmake/cmake)
-- Found Python3: /usr/bin/python3 (found version "3.10.12") found components: Interpreter 
-- Configuring done
-- Generating done
-- Build files have been written to: /home/khamrouni/lbr-stack/src/lbr_fri_ros2_stack/build/lbr_bringup
Built target ament_cmake_python_copy_lbr_bringup
running egg_info
creating lbr_bringup.egg-info
writing lbr_bringup.egg-info/PKG-INFO
writing dependency_links to lbr_bringup.egg-info/dependency_links.txt
writing top-level names to lbr_bringup.egg-info/top_level.txt
writing manifest file 'lbr_bringup.egg-info/SOURCES.txt'
reading manifest file 'lbr_bringup.egg-info/SOURCES.txt'
writing manifest file 'lbr_bringup.egg-info/SOURCES.txt'
Built target ament_cmake_python_build_lbr_bringup_egg
-- Install configuration: ""
-- Installing: /home/khamrouni/lbr-stack/src/lbr_fri_ros2_stack/install/lbr_bringup/share/lbr_bringup/config
-- Installing: /home/khamrouni/lbr-stack/src/lbr_fri_ros2_stack/install/lbr_bringup/share/lbr_bringup/config/gazebo.rviz
-- Installing: /home/khamrouni/lbr-stack/src/lbr_fri_ros2_stack/install/lbr_bringup/share/lbr_bringup/config/hardware.rviz
-- Installing: /home/khamrouni/lbr-stack/src/lbr_fri_ros2_stack/install/lbr_bringup/share/lbr_bringup/config/moveit_servo.yaml
-- Installing: /home/khamrouni/lbr-stack/src/lbr_fri_ros2_stack/install/lbr_bringup/share/lbr_bringup/config/mock.rviz
-- Installing: /home/khamrouni/lbr-stack/src/lbr_fri_ros2_stack/install/lbr_bringup/share/lbr_bringup/launch
-- Installing: /home/khamrouni/lbr-stack/src/lbr_fri_ros2_stack/install/lbr_bringup/share/lbr_bringup/launch/rviz.launch.py
-- Installing: /home/khamrouni/lbr-stack/src/lbr_fri_ros2_stack/install/lbr_bringup/share/lbr_bringup/launch/hardware.launch.py
-- Installing: /home/khamrouni/lbr-stack/src/lbr_fri_ros2_stack/install/lbr_bringup/share/lbr_bringup/launch/mock.launch.py
-- Installing: /home/khamrouni/lbr-stack/src/lbr_fri_ros2_stack/install/lbr_bringup/share/lbr_bringup/launch/move_group.launch.py
-- Installing: /home/khamrouni/lbr-stack/src/lbr_fri_ros2_stack/install/lbr_bringup/share/lbr_bringup/launch/gazebo.launch.py
-- Installing: /home/khamrouni/lbr-stack/src/lbr_fri_ros2_stack/install/lbr_bringup/share/lbr_bringup/launch/moveit_servo.launch.py
-- Installing: /home/khamrouni/lbr-stack/src/lbr_fri_ros2_stack/install/lbr_bringup/share/lbr_bringup/environment/pythonpath.sh
-- Installing: /home/khamrouni/lbr-stack/src/lbr_fri_ros2_stack/install/lbr_bringup/share/lbr_bringup/environment/pythonpath.dsv
-- Installing: /home/khamrouni/lbr-stack/src/lbr_fri_ros2_stack/install/lbr_bringup/local/lib/python3.10/dist-packages/lbr_bringup-2.2.1-py3.10.egg-info
-- Installing: /home/khamrouni/lbr-stack/src/lbr_fri_ros2_stack/install/lbr_bringup/local/lib/python3.10/dist-packages/lbr_bringup-2.2.1-py3.10.egg-info/PKG-INFO
-- Installing: /home/khamrouni/lbr-stack/src/lbr_fri_ros2_stack/install/lbr_bringup/local/lib/python3.10/dist-packages/lbr_bringup-2.2.1-py3.10.egg-info/dependency_links.txt
-- Installing: /home/khamrouni/lbr-stack/src/lbr_fri_ros2_stack/install/lbr_bringup/local/lib/python3.10/dist-packages/lbr_bringup-2.2.1-py3.10.egg-info/top_level.txt
-- Installing: /home/khamrouni/lbr-stack/src/lbr_fri_ros2_stack/install/lbr_bringup/local/lib/python3.10/dist-packages/lbr_bringup-2.2.1-py3.10.egg-info/SOURCES.txt
-- Installing: /home/khamrouni/lbr-stack/src/lbr_fri_ros2_stack/install/lbr_bringup/local/lib/python3.10/dist-packages/lbr_bringup
-- Installing: /home/khamrouni/lbr-stack/src/lbr_fri_ros2_stack/install/lbr_bringup/local/lib/python3.10/dist-packages/lbr_bringup/gazebo.py
-- Installing: /home/khamrouni/lbr-stack/src/lbr_fri_ros2_stack/install/lbr_bringup/local/lib/python3.10/dist-packages/lbr_bringup/description.py
-- Installing: /home/khamrouni/lbr-stack/src/lbr_fri_ros2_stack/install/lbr_bringup/local/lib/python3.10/dist-packages/lbr_bringup/rviz.py
-- Installing: /home/khamrouni/lbr-stack/src/lbr_fri_ros2_stack/install/lbr_bringup/local/lib/python3.10/dist-packages/lbr_bringup/ros2_control.py
-- Installing: /home/khamrouni/lbr-stack/src/lbr_fri_ros2_stack/install/lbr_bringup/local/lib/python3.10/dist-packages/lbr_bringup/moveit.py
-- Installing: /home/khamrouni/lbr-stack/src/lbr_fri_ros2_stack/install/lbr_bringup/local/lib/python3.10/dist-packages/lbr_bringup/__init__.py
Listing '/home/khamrouni/lbr-stack/src/lbr_fri_ros2_stack/install/lbr_bringup/local/lib/python3.10/dist-packages/lbr_bringup'...
Compiling '/home/khamrouni/lbr-stack/src/lbr_fri_ros2_stack/install/lbr_bringup/local/lib/python3.10/dist-packages/lbr_bringup/__init__.py'...
Compiling '/home/khamrouni/lbr-stack/src/lbr_fri_ros2_stack/install/lbr_bringup/local/lib/python3.10/dist-packages/lbr_bringup/description.py'...
Compiling '/home/khamrouni/lbr-stack/src/lbr_fri_ros2_stack/install/lbr_bringup/local/lib/python3.10/dist-packages/lbr_bringup/gazebo.py'...
Compiling '/home/khamrouni/lbr-stack/src/lbr_fri_ros2_stack/install/lbr_bringup/local/lib/python3.10/dist-packages/lbr_bringup/moveit.py'...
Compiling '/home/khamrouni/lbr-stack/src/lbr_fri_ros2_stack/install/lbr_bringup/local/lib/python3.10/dist-packages/lbr_bringup/ros2_control.py'...
Compiling '/home/khamrouni/lbr-stack/src/lbr_fri_ros2_stack/install/lbr_bringup/local/lib/python3.10/dist-packages/lbr_bringup/rviz.py'...
-- Installing: /home/khamrouni/lbr-stack/src/lbr_fri_ros2_stack/install/lbr_bringup/share/ament_index/resource_index/package_run_dependencies/lbr_bringup
-- Installing: /home/khamrouni/lbr-stack/src/lbr_fri_ros2_stack/install/lbr_bringup/share/ament_index/resource_index/parent_prefix_path/lbr_bringup
-- Installing: /home/khamrouni/lbr-stack/src/lbr_fri_ros2_stack/install/lbr_bringup/share/lbr_bringup/environment/ament_prefix_path.sh
-- Installing: /home/khamrouni/lbr-stack/src/lbr_fri_ros2_stack/install/lbr_bringup/share/lbr_bringup/environment/ament_prefix_path.dsv
-- Installing: /home/khamrouni/lbr-stack/src/lbr_fri_ros2_stack/install/lbr_bringup/share/lbr_bringup/environment/path.sh
-- Installing: /home/khamrouni/lbr-stack/src/lbr_fri_ros2_stack/install/lbr_bringup/share/lbr_bringup/environment/path.dsv
-- Installing: /home/khamrouni/lbr-stack/src/lbr_fri_ros2_stack/install/lbr_bringup/share/lbr_bringup/local_setup.bash
-- Installing: /home/khamrouni/lbr-stack/src/lbr_fri_ros2_stack/install/lbr_bringup/share/lbr_bringup/local_setup.sh
-- Installing: /home/khamrouni/lbr-stack/src/lbr_fri_ros2_stack/install/lbr_bringup/share/lbr_bringup/local_setup.zsh
-- Installing: /home/khamrouni/lbr-stack/src/lbr_fri_ros2_stack/install/lbr_bringup/share/lbr_bringup/local_setup.dsv
-- Installing: /home/khamrouni/lbr-stack/src/lbr_fri_ros2_stack/install/lbr_bringup/share/lbr_bringup/package.dsv
-- Installing: /home/khamrouni/lbr-stack/src/lbr_fri_ros2_stack/install/lbr_bringup/share/ament_index/resource_index/packages/lbr_bringup
-- Installing: /home/khamrouni/lbr-stack/src/lbr_fri_ros2_stack/install/lbr_bringup/share/lbr_bringup/cmake/lbr_bringupConfig.cmake
-- Installing: /home/khamrouni/lbr-stack/src/lbr_fri_ros2_stack/install/lbr_bringup/share/lbr_bringup/cmake/lbr_bringupConfig-version.cmake
-- Installing: /home/khamrouni/lbr-stack/src/lbr_fri_ros2_stack/install/lbr_bringup/share/lbr_bringup/package.xml
