/home/khamrouni/lbr-stack/src/lbr_fri_ros2_stack/install/lbr_demos_advanced_py/lib/python3.10/site-packages/lbr_demos_advanced_py/admittance_controller.py
/home/khamrouni/lbr-stack/src/lbr_fri_ros2_stack/install/lbr_demos_advanced_py/lib/python3.10/site-packages/lbr_demos_advanced_py/admittance_rcm_control_node.py
/home/khamrouni/lbr-stack/src/lbr_fri_ros2_stack/install/lbr_demos_advanced_py/lib/python3.10/site-packages/lbr_demos_advanced_py/lbr_base_position_command_node.py
/home/khamrouni/lbr-stack/src/lbr_fri_ros2_stack/install/lbr_demos_advanced_py/lib/python3.10/site-packages/lbr_demos_advanced_py/admittance_control_node.py
/home/khamrouni/lbr-stack/src/lbr_fri_ros2_stack/install/lbr_demos_advanced_py/lib/python3.10/site-packages/lbr_demos_advanced_py/__init__.py
/home/khamrouni/lbr-stack/src/lbr_fri_ros2_stack/install/lbr_demos_advanced_py/lib/python3.10/site-packages/lbr_demos_advanced_py/admittance_rcm_controller.py
/home/khamrouni/lbr-stack/src/lbr_fri_ros2_stack/install/lbr_demos_advanced_py/lib/python3.10/site-packages/lbr_demos_advanced_py/__pycache__/admittance_controller.cpython-310.pyc
/home/khamrouni/lbr-stack/src/lbr_fri_ros2_stack/install/lbr_demos_advanced_py/lib/python3.10/site-packages/lbr_demos_advanced_py/__pycache__/admittance_rcm_control_node.cpython-310.pyc
/home/khamrouni/lbr-stack/src/lbr_fri_ros2_stack/install/lbr_demos_advanced_py/lib/python3.10/site-packages/lbr_demos_advanced_py/__pycache__/lbr_base_position_command_node.cpython-310.pyc
/home/khamrouni/lbr-stack/src/lbr_fri_ros2_stack/install/lbr_demos_advanced_py/lib/python3.10/site-packages/lbr_demos_advanced_py/__pycache__/admittance_control_node.cpython-310.pyc
/home/khamrouni/lbr-stack/src/lbr_fri_ros2_stack/install/lbr_demos_advanced_py/lib/python3.10/site-packages/lbr_demos_advanced_py/__pycache__/__init__.cpython-310.pyc
/home/khamrouni/lbr-stack/src/lbr_fri_ros2_stack/install/lbr_demos_advanced_py/lib/python3.10/site-packages/lbr_demos_advanced_py/__pycache__/admittance_rcm_controller.cpython-310.pyc
/home/khamrouni/lbr-stack/src/lbr_fri_ros2_stack/install/lbr_demos_advanced_py/share/ament_index/resource_index/packages/lbr_demos_advanced_py
/home/khamrouni/lbr-stack/src/lbr_fri_ros2_stack/install/lbr_demos_advanced_py/share/lbr_demos_advanced_py/package.xml
/home/khamrouni/lbr-stack/src/lbr_fri_ros2_stack/install/lbr_demos_advanced_py/share/lbr_demos_advanced_py/config/admittance_control.yaml
/home/khamrouni/lbr-stack/src/lbr_fri_ros2_stack/install/lbr_demos_advanced_py/share/lbr_demos_advanced_py/config/admittance_rcm_control.yaml
/home/khamrouni/lbr-stack/src/lbr_fri_ros2_stack/install/lbr_demos_advanced_py/lib/python3.10/site-packages/lbr_demos_advanced_py-2.2.1-py3.10.egg-info/PKG-INFO
/home/khamrouni/lbr-stack/src/lbr_fri_ros2_stack/install/lbr_demos_advanced_py/lib/python3.10/site-packages/lbr_demos_advanced_py-2.2.1-py3.10.egg-info/requires.txt
/home/khamrouni/lbr-stack/src/lbr_fri_ros2_stack/install/lbr_demos_advanced_py/lib/python3.10/site-packages/lbr_demos_advanced_py-2.2.1-py3.10.egg-info/dependency_links.txt
/home/khamrouni/lbr-stack/src/lbr_fri_ros2_stack/install/lbr_demos_advanced_py/lib/python3.10/site-packages/lbr_demos_advanced_py-2.2.1-py3.10.egg-info/zip-safe
/home/khamrouni/lbr-stack/src/lbr_fri_ros2_stack/install/lbr_demos_advanced_py/lib/python3.10/site-packages/lbr_demos_advanced_py-2.2.1-py3.10.egg-info/top_level.txt
/home/khamrouni/lbr-stack/src/lbr_fri_ros2_stack/install/lbr_demos_advanced_py/lib/python3.10/site-packages/lbr_demos_advanced_py-2.2.1-py3.10.egg-info/entry_points.txt
/home/khamrouni/lbr-stack/src/lbr_fri_ros2_stack/install/lbr_demos_advanced_py/lib/python3.10/site-packages/lbr_demos_advanced_py-2.2.1-py3.10.egg-info/SOURCES.txt
/home/khamrouni/lbr-stack/src/lbr_fri_ros2_stack/install/lbr_demos_advanced_py/lib/lbr_demos_advanced_py/admittance_control
/home/khamrouni/lbr-stack/src/lbr_fri_ros2_stack/install/lbr_demos_advanced_py/lib/lbr_demos_advanced_py/admittance_rcm_control
