[1.557s] Invoking command in '/home/khamrouni/lbr-stack/src/lbr_fri_ros2_stack/lbr_demos/lbr_moveit': PYTHONPATH=/home/khamrouni/lbr-stack/src/lbr_fri_ros2_stack/build/lbr_moveit/prefix_override:/usr/lib/python3/dist-packages/colcon_core/task/python/colcon_distutils_commands:/home/khamrouni/lbr-stack/src/lbr_fri_ros2_stack/install/lbr_moveit/lib/python3.10/site-packages:${PYTHONPATH} /usr/bin/python3 -W ignore:setup.py install is deprecated -W ignore:easy_install command is deprecated setup.py egg_info --egg-base ../../build/lbr_moveit build --build-base /home/khamrouni/lbr-stack/src/lbr_fri_ros2_stack/build/lbr_moveit/build install --record /home/khamrouni/lbr-stack/src/lbr_fri_ros2_stack/build/lbr_moveit/install.log --single-version-externally-managed install_data
[2.169s] running egg_info
[2.171s] creating ../../build/lbr_moveit/lbr_moveit.egg-info
[2.171s] writing ../../build/lbr_moveit/lbr_moveit.egg-info/PKG-INFO
[2.171s] writing dependency_links to ../../build/lbr_moveit/lbr_moveit.egg-info/dependency_links.txt
[2.171s] writing entry points to ../../build/lbr_moveit/lbr_moveit.egg-info/entry_points.txt
[2.172s] writing requirements to ../../build/lbr_moveit/lbr_moveit.egg-info/requires.txt
[2.172s] writing top-level names to ../../build/lbr_moveit/lbr_moveit.egg-info/top_level.txt
[2.172s] writing manifest file '../../build/lbr_moveit/lbr_moveit.egg-info/SOURCES.txt'
[2.176s] reading manifest file '../../build/lbr_moveit/lbr_moveit.egg-info/SOURCES.txt'
[2.178s] writing manifest file '../../build/lbr_moveit/lbr_moveit.egg-info/SOURCES.txt'
[2.178s] running build
[2.178s] running build_py
[2.179s] creating /home/khamrouni/lbr-stack/src/lbr_fri_ros2_stack/build/lbr_moveit/build
[2.179s] creating /home/khamrouni/lbr-stack/src/lbr_fri_ros2_stack/build/lbr_moveit/build/lib
[2.179s] creating /home/khamrouni/lbr-stack/src/lbr_fri_ros2_stack/build/lbr_moveit/build/lib/scripts
[2.180s] copying scripts/__init__.py -> /home/khamrouni/lbr-stack/src/lbr_fri_ros2_stack/build/lbr_moveit/build/lib/scripts
[2.180s] copying scripts/forward_keyboard.py -> /home/khamrouni/lbr-stack/src/lbr_fri_ros2_stack/build/lbr_moveit/build/lib/scripts
[2.180s] creating /home/khamrouni/lbr-stack/src/lbr_fri_ros2_stack/build/lbr_moveit/build/lib/lbr_moveit
[2.180s] copying lbr_moveit/__init__.py -> /home/khamrouni/lbr-stack/src/lbr_fri_ros2_stack/build/lbr_moveit/build/lib/lbr_moveit
[2.180s] copying lbr_moveit/keyboard_listener.py -> /home/khamrouni/lbr-stack/src/lbr_fri_ros2_stack/build/lbr_moveit/build/lib/lbr_moveit
[2.181s] copying lbr_moveit/forward_keyboard_node.py -> /home/khamrouni/lbr-stack/src/lbr_fri_ros2_stack/build/lbr_moveit/build/lib/lbr_moveit
[2.181s] running install
[2.182s] running install_lib
[2.184s] creating /home/khamrouni/lbr-stack/src/lbr_fri_ros2_stack/install/lbr_moveit/lib/python3.10/site-packages/scripts
[2.184s] copying /home/khamrouni/lbr-stack/src/lbr_fri_ros2_stack/build/lbr_moveit/build/lib/scripts/__init__.py -> /home/khamrouni/lbr-stack/src/lbr_fri_ros2_stack/install/lbr_moveit/lib/python3.10/site-packages/scripts
[2.184s] copying /home/khamrouni/lbr-stack/src/lbr_fri_ros2_stack/build/lbr_moveit/build/lib/scripts/forward_keyboard.py -> /home/khamrouni/lbr-stack/src/lbr_fri_ros2_stack/install/lbr_moveit/lib/python3.10/site-packages/scripts
[2.184s] creating /home/khamrouni/lbr-stack/src/lbr_fri_ros2_stack/install/lbr_moveit/lib/python3.10/site-packages/lbr_moveit
[2.185s] copying /home/khamrouni/lbr-stack/src/lbr_fri_ros2_stack/build/lbr_moveit/build/lib/lbr_moveit/__init__.py -> /home/khamrouni/lbr-stack/src/lbr_fri_ros2_stack/install/lbr_moveit/lib/python3.10/site-packages/lbr_moveit
[2.185s] copying /home/khamrouni/lbr-stack/src/lbr_fri_ros2_stack/build/lbr_moveit/build/lib/lbr_moveit/keyboard_listener.py -> /home/khamrouni/lbr-stack/src/lbr_fri_ros2_stack/install/lbr_moveit/lib/python3.10/site-packages/lbr_moveit
[2.185s] copying /home/khamrouni/lbr-stack/src/lbr_fri_ros2_stack/build/lbr_moveit/build/lib/lbr_moveit/forward_keyboard_node.py -> /home/khamrouni/lbr-stack/src/lbr_fri_ros2_stack/install/lbr_moveit/lib/python3.10/site-packages/lbr_moveit
[2.186s] byte-compiling /home/khamrouni/lbr-stack/src/lbr_fri_ros2_stack/install/lbr_moveit/lib/python3.10/site-packages/scripts/__init__.py to __init__.cpython-310.pyc
[2.187s] byte-compiling /home/khamrouni/lbr-stack/src/lbr_fri_ros2_stack/install/lbr_moveit/lib/python3.10/site-packages/scripts/forward_keyboard.py to forward_keyboard.cpython-310.pyc
[2.187s] byte-compiling /home/khamrouni/lbr-stack/src/lbr_fri_ros2_stack/install/lbr_moveit/lib/python3.10/site-packages/lbr_moveit/__init__.py to __init__.cpython-310.pyc
[2.188s] byte-compiling /home/khamrouni/lbr-stack/src/lbr_fri_ros2_stack/install/lbr_moveit/lib/python3.10/site-packages/lbr_moveit/keyboard_listener.py to keyboard_listener.cpython-310.pyc
[2.190s] byte-compiling /home/khamrouni/lbr-stack/src/lbr_fri_ros2_stack/install/lbr_moveit/lib/python3.10/site-packages/lbr_moveit/forward_keyboard_node.py to forward_keyboard_node.cpython-310.pyc
[2.194s] running install_data
[2.195s] creating /home/khamrouni/lbr-stack/src/lbr_fri_ros2_stack/install/lbr_moveit/share/ament_index
[2.195s] creating /home/khamrouni/lbr-stack/src/lbr_fri_ros2_stack/install/lbr_moveit/share/ament_index/resource_index
[2.195s] creating /home/khamrouni/lbr-stack/src/lbr_fri_ros2_stack/install/lbr_moveit/share/ament_index/resource_index/packages
[2.195s] copying resource/lbr_moveit -> /home/khamrouni/lbr-stack/src/lbr_fri_ros2_stack/install/lbr_moveit/share/ament_index/resource_index/packages
[2.195s] copying package.xml -> /home/khamrouni/lbr-stack/src/lbr_fri_ros2_stack/install/lbr_moveit/share/lbr_moveit
[2.196s] creating /home/khamrouni/lbr-stack/src/lbr_fri_ros2_stack/install/lbr_moveit/share/lbr_moveit/config
[2.196s] copying config/forward_keyboard.yaml -> /home/khamrouni/lbr-stack/src/lbr_fri_ros2_stack/install/lbr_moveit/share/lbr_moveit/config
[2.196s] creating /home/khamrouni/lbr-stack/src/lbr_fri_ros2_stack/install/lbr_moveit/share/lbr_moveit/launch
[2.196s] copying launch/keyboard_driver.launch.py -> /home/khamrouni/lbr-stack/src/lbr_fri_ros2_stack/install/lbr_moveit/share/lbr_moveit/launch
[2.196s] running install_egg_info
[2.200s] Copying ../../build/lbr_moveit/lbr_moveit.egg-info to /home/khamrouni/lbr-stack/src/lbr_fri_ros2_stack/install/lbr_moveit/lib/python3.10/site-packages/lbr_moveit-2.2.1-py3.10.egg-info
[2.201s] running install_scripts
[2.243s] Installing forward_keyboard script to /home/khamrouni/lbr-stack/src/lbr_fri_ros2_stack/install/lbr_moveit/lib/lbr_moveit
[2.243s] writing list of installed files to '/home/khamrouni/lbr-stack/src/lbr_fri_ros2_stack/build/lbr_moveit/install.log'
[2.293s] Invoked command in '/home/khamrouni/lbr-stack/src/lbr_fri_ros2_stack/lbr_demos/lbr_moveit' returned '0': PYTHONPATH=/home/khamrouni/lbr-stack/src/lbr_fri_ros2_stack/build/lbr_moveit/prefix_override:/usr/lib/python3/dist-packages/colcon_core/task/python/colcon_distutils_commands:/home/khamrouni/lbr-stack/src/lbr_fri_ros2_stack/install/lbr_moveit/lib/python3.10/site-packages:${PYTHONPATH} /usr/bin/python3 -W ignore:setup.py install is deprecated -W ignore:easy_install command is deprecated setup.py egg_info --egg-base ../../build/lbr_moveit build --build-base /home/khamrouni/lbr-stack/src/lbr_fri_ros2_stack/build/lbr_moveit/build install --record /home/khamrouni/lbr-stack/src/lbr_fri_ros2_stack/build/lbr_moveit/install.log --single-version-externally-managed install_data
