/home/khamrouni/lbr-stack/src/lbr_fri_ros2_stack/install/lbr_moveit/lib/python3.10/site-packages/scripts/__init__.py
/home/khamrouni/lbr-stack/src/lbr_fri_ros2_stack/install/lbr_moveit/lib/python3.10/site-packages/scripts/forward_keyboard.py
/home/khamrouni/lbr-stack/src/lbr_fri_ros2_stack/install/lbr_moveit/lib/python3.10/site-packages/lbr_moveit/__init__.py
/home/khamrouni/lbr-stack/src/lbr_fri_ros2_stack/install/lbr_moveit/lib/python3.10/site-packages/lbr_moveit/keyboard_listener.py
/home/khamrouni/lbr-stack/src/lbr_fri_ros2_stack/install/lbr_moveit/lib/python3.10/site-packages/lbr_moveit/forward_keyboard_node.py
/home/khamrouni/lbr-stack/src/lbr_fri_ros2_stack/install/lbr_moveit/lib/python3.10/site-packages/scripts/__pycache__/__init__.cpython-310.pyc
/home/khamrouni/lbr-stack/src/lbr_fri_ros2_stack/install/lbr_moveit/lib/python3.10/site-packages/scripts/__pycache__/forward_keyboard.cpython-310.pyc
/home/khamrouni/lbr-stack/src/lbr_fri_ros2_stack/install/lbr_moveit/lib/python3.10/site-packages/lbr_moveit/__pycache__/__init__.cpython-310.pyc
/home/khamrouni/lbr-stack/src/lbr_fri_ros2_stack/install/lbr_moveit/lib/python3.10/site-packages/lbr_moveit/__pycache__/keyboard_listener.cpython-310.pyc
/home/khamrouni/lbr-stack/src/lbr_fri_ros2_stack/install/lbr_moveit/lib/python3.10/site-packages/lbr_moveit/__pycache__/forward_keyboard_node.cpython-310.pyc
/home/khamrouni/lbr-stack/src/lbr_fri_ros2_stack/install/lbr_moveit/share/ament_index/resource_index/packages/lbr_moveit
/home/khamrouni/lbr-stack/src/lbr_fri_ros2_stack/install/lbr_moveit/share/lbr_moveit/package.xml
/home/khamrouni/lbr-stack/src/lbr_fri_ros2_stack/install/lbr_moveit/share/lbr_moveit/config/forward_keyboard.yaml
/home/khamrouni/lbr-stack/src/lbr_fri_ros2_stack/install/lbr_moveit/share/lbr_moveit/launch/keyboard_driver.launch.py
/home/khamrouni/lbr-stack/src/lbr_fri_ros2_stack/install/lbr_moveit/lib/python3.10/site-packages/lbr_moveit-2.2.1-py3.10.egg-info/PKG-INFO
/home/khamrouni/lbr-stack/src/lbr_fri_ros2_stack/install/lbr_moveit/lib/python3.10/site-packages/lbr_moveit-2.2.1-py3.10.egg-info/requires.txt
/home/khamrouni/lbr-stack/src/lbr_fri_ros2_stack/install/lbr_moveit/lib/python3.10/site-packages/lbr_moveit-2.2.1-py3.10.egg-info/dependency_links.txt
/home/khamrouni/lbr-stack/src/lbr_fri_ros2_stack/install/lbr_moveit/lib/python3.10/site-packages/lbr_moveit-2.2.1-py3.10.egg-info/zip-safe
/home/khamrouni/lbr-stack/src/lbr_fri_ros2_stack/install/lbr_moveit/lib/python3.10/site-packages/lbr_moveit-2.2.1-py3.10.egg-info/top_level.txt
/home/khamrouni/lbr-stack/src/lbr_fri_ros2_stack/install/lbr_moveit/lib/python3.10/site-packages/lbr_moveit-2.2.1-py3.10.egg-info/entry_points.txt
/home/khamrouni/lbr-stack/src/lbr_fri_ros2_stack/install/lbr_moveit/lib/python3.10/site-packages/lbr_moveit-2.2.1-py3.10.egg-info/SOURCES.txt
/home/khamrouni/lbr-stack/src/lbr_fri_ros2_stack/install/lbr_moveit/lib/lbr_moveit/forward_keyboard
